===========================================
CHIME Latency Benchmark (DEX-matched)
===========================================
Node count:     2
Thread count:   30
Read ratio:     70%
Range ratio:    30%
Total ops:      30000000
Range size:     100 (count-based)
Latency bucket: 500 ns
Zipf theta:     0.60
Uniform:        No (Zipfian)
Key derivation: CityHash (matching DEX)
Workload:       pre-generated + shuffled
Warmup:         full-mix (reads + ranges)
===========================================
Initializing DSM...
[4mMemlock limit: soft=48003 MB, hard=48003 MB, requested=1024 MB[0m
[4mUsing NUMA node 1 (max available: 1)[0m
[4mHuge pages allocated at 0x7c6b8ee00000, size=1024 MB[0m
[4mMemlock limit: soft=48003 MB, hard=48003 MB, requested=8192 MB[0m
[4mUsing NUMA node 1 (max available: 1)[0m
[4mHuge pages allocated at 0x7c698ee00000, size=8192 MB[0m
[4mshared memory size: 8GB, 0x7c698ee00000[0m
[4mrdma cache size: 1GB[0m
[4mMachine NR: 2[0m
[4mMemlock limit: soft=48003 MB, hard=48003 MB, requested=0 MB[0m
[4mUsing NUMA node 1 (max available: 1)[0m
[4mHuge pages allocated at 0x7c698e800000, size=0 MB[0m
[4mRegistering memory: addr=0x7c698e800000, size=0 MB, pd=0x5c63ec1bc870[0m
[4mMemory registration succeeded: lkey=1387571, rkey=1387571[0m
[4mRegistering memory: addr=0x7c6b8ee00000, size=1024 MB, pd=0x5c63ec1bc870[0m
[4mMemory registration succeeded: lkey=1486253, rkey=1486253[0m
[4mMemlock limit: soft=48003 MB, hard=48003 MB, requested=0 MB[0m
[4mUsing NUMA node 1 (max available: 1)[0m
[4mHuge pages allocated at 0x7c698de00000, size=0 MB[0m
[4mRegistering memory: addr=0x7c698de00000, size=0 MB, pd=0x5c63ec2036b0[0m
[4mMemory registration succeeded: lkey=1386798, rkey=1386798[0m
[4mRegistering memory: addr=0x7c6b8ee00000, size=1024 MB, pd=0x5c63ec2036b0[0m
[4mMemory registration succeeded: lkey=1484711, rkey=1484711[0m
[4mMemlock limit: soft=48003 MB, hard=48003 MB, requested=0 MB[0m
[4mUsing NUMA node 1 (max available: 1)[0m
[4mHuge pages allocated at 0x7c698d200000, size=0 MB[0m
[4mRegistering memory: addr=0x7c698d200000, size=0 MB, pd=0x5c63ec205f50[0m
[4mMemory registration succeeded: lkey=1384996, rkey=1384996[0m
[4mRegistering memory: addr=0x7c6b8ee00000, size=1024 MB, pd=0x5c63ec205f50[0m
[4mMemory registration succeeded: lkey=1483169, rkey=1483169[0m
[4mMemlock limit: soft=48003 MB, hard=48003 MB, requested=0 MB[0m
[4mUsing NUMA node 1 (max available: 1)[0m
[4mHuge pages allocated at 0x7c698c800000, size=0 MB[0m
[4mRegistering memory: addr=0x7c698c800000, size=0 MB, pd=0x5c63ec24edb0[0m
[4mMemory registration succeeded: lkey=1390873, rkey=1390873[0m
[4mRegistering memory: addr=0x7c6b8ee00000, size=1024 MB, pd=0x5c63ec24edb0[0m
[4mMemory registration succeeded: lkey=1490076, rkey=1490076[0m
[4mMemlock limit: soft=48003 MB, hard=48003 MB, requested=0 MB[0m
[4mUsing NUMA node 1 (max available: 1)[0m
[4mHuge pages allocated at 0x7c698bc00000, size=0 MB[0m
[4mRegistering memory: addr=0x7c698bc00000, size=0 MB, pd=0x5c63ec273df0[0m
[4mMemory registration succeeded: lkey=1380104, rkey=1380104[0m
[4mRegistering memory: addr=0x7c6b8ee00000, size=1024 MB, pd=0x5c63ec273df0[0m
[4mMemory registration succeeded: lkey=1488534, rkey=1488534[0m
[4mMemlock limit: soft=48003 MB, hard=48003 MB, requested=0 MB[0m
[4mUsing NUMA node 1 (max available: 1)[0m
[4mHuge pages allocated at 0x7c698b000000, size=0 MB[0m
[4mRegistering memory: addr=0x7c698b000000, size=0 MB, pd=0x5c63ec273f90[0m
[4mMemory registration succeeded: lkey=1383676, rkey=1383676[0m
[4mRegistering memory: addr=0x7c6b8ee00000, size=1024 MB, pd=0x5c63ec273f90[0m
[4mMemory registration succeeded: lkey=1486992, rkey=1486992[0m
[4mMemlock limit: soft=48003 MB, hard=48003 MB, requested=0 MB[0m
[4mUsing NUMA node 1 (max available: 1)[0m
[4mHuge pages allocated at 0x7c698a600000, size=0 MB[0m
[4mRegistering memory: addr=0x7c698a600000, size=0 MB, pd=0x5c63ec2c1f90[0m
[4mMemory registration succeeded: lkey=1381107, rkey=1381107[0m
[4mRegistering memory: addr=0x7c6b8ee00000, size=1024 MB, pd=0x5c63ec2c1f90[0m
[4mMemory registration succeeded: lkey=1477772, rkey=1477772[0m
[4mMemlock limit: soft=48003 MB, hard=48003 MB, requested=0 MB[0m
[4mUsing NUMA node 1 (max available: 1)[0m
[4mHuge pages allocated at 0x7c6989a00000, size=0 MB[0m
[4mRegistering memory: addr=0x7c6989a00000, size=0 MB, pd=0x5c63ec2ea2a0[0m
[4mMemory registration succeeded: lkey=1370347, rkey=1370347[0m
[4mRegistering memory: addr=0x7c6b8ee00000, size=1024 MB, pd=0x5c63ec2ea2a0[0m
[4mMemory registration succeeded: lkey=1476231, rkey=1476231[0m
[4mMemlock limit: soft=48003 MB, hard=48003 MB, requested=0 MB[0m
[4mUsing NUMA node 1 (max available: 1)[0m
[4mHuge pages allocated at 0x7c6989000000, size=0 MB[0m
[4mRegistering memory: addr=0x7c6989000000, size=0 MB, pd=0x5c63ec30fbf0[0m
[4mMemory registration succeeded: lkey=1368287, rkey=1368287[0m
[4mRegistering memory: addr=0x7c6b8ee00000, size=1024 MB, pd=0x5c63ec30fbf0[0m
[4mMemory registration succeeded: lkey=1474945, rkey=1474945[0m
[4mMemlock limit: soft=48003 MB, hard=48003 MB, requested=0 MB[0m
[4mUsing NUMA node 1 (max available: 1)[0m
[4mHuge pages allocated at 0x7c6988400000, size=0 MB[0m
[4mRegistering memory: addr=0x7c6988400000, size=0 MB, pd=0x5c63ec3387e0[0m
[4mMemory registration succeeded: lkey=1373140, rkey=1373140[0m
[4mRegistering memory: addr=0x7c6b8ee00000, size=1024 MB, pd=0x5c63ec3387e0[0m
[4mMemory registration succeeded: lkey=1482109, rkey=1482109[0m
[4mMemlock limit: soft=48003 MB, hard=48003 MB, requested=0 MB[0m
[4mUsing NUMA node 1 (max available: 1)[0m
[4mHuge pages allocated at 0x7c6987a00000, size=0 MB[0m
[4mRegistering memory: addr=0x7c6987a00000, size=0 MB, pd=0x5c63ec35f340[0m
[4mMemory registration succeeded: lkey=1362120, rkey=1362120[0m
[4mRegistering memory: addr=0x7c6b8ee00000, size=1024 MB, pd=0x5c63ec35f340[0m
[4mMemory registration succeeded: lkey=1480567, rkey=1480567[0m
[4mMemlock limit: soft=48003 MB, hard=48003 MB, requested=0 MB[0m
[4mUsing NUMA node 1 (max available: 1)[0m
[4mHuge pages allocated at 0x7c6986e00000, size=0 MB[0m
[4mRegistering memory: addr=0x7c6986e00000, size=0 MB, pd=0x5c63ec384ec0[0m
[4mMemory registration succeeded: lkey=1367230, rkey=1367230[0m
[4mRegistering memory: addr=0x7c6b8ee00000, size=1024 MB, pd=0x5c63ec384ec0[0m
[4mMemory registration succeeded: lkey=1478768, rkey=1478768[0m
[4mMemlock limit: soft=48003 MB, hard=48003 MB, requested=0 MB[0m
[4mUsing NUMA node 1 (max available: 1)[0m
[4mHuge pages allocated at 0x7c6986400000, size=0 MB[0m
[4mRegistering memory: addr=0x7c6986400000, size=0 MB, pd=0x5c63ec3abaa0[0m
[4mMemory registration succeeded: lkey=1364914, rkey=1364914[0m
[4mRegistering memory: addr=0x7c6b8ee00000, size=1024 MB, pd=0x5c63ec3abaa0[0m
[4mMemory registration succeeded: lkey=1469033, rkey=1469033[0m
[4mMemlock limit: soft=48003 MB, hard=48003 MB, requested=0 MB[0m
[4mUsing NUMA node 1 (max available: 1)[0m
[4mHuge pages allocated at 0x7c6985800000, size=0 MB[0m
[4mRegistering memory: addr=0x7c6985800000, size=0 MB, pd=0x5c63ec3ad640[0m
[4mMemory registration succeeded: lkey=1353638, rkey=1353638[0m
[4mRegistering memory: addr=0x7c6b8ee00000, size=1024 MB, pd=0x5c63ec3ad640[0m
[4mMemory registration succeeded: lkey=1466463, rkey=1466463[0m
[4mMemlock limit: soft=48003 MB, hard=48003 MB, requested=0 MB[0m
[4mUsing NUMA node 1 (max available: 1)[0m
[4mHuge pages allocated at 0x7c6984e00000, size=0 MB[0m
[4mRegistering memory: addr=0x7c6984e00000, size=0 MB, pd=0x5c63ec3fb340[0m
[4mMemory registration succeeded: lkey=1358748, rkey=1358748[0m
[4mRegistering memory: addr=0x7c6b8ee00000, size=1024 MB, pd=0x5c63ec3fb340[0m
[4mMemory registration succeeded: lkey=1472343, rkey=1472343[0m
[4mMemlock limit: soft=48003 MB, hard=48003 MB, requested=0 MB[0m
[4mUsing NUMA node 1 (max available: 1)[0m
[4mHuge pages allocated at 0x7c6984200000, size=0 MB[0m
[4mRegistering memory: addr=0x7c6984200000, size=0 MB, pd=0x5c63ec420d30[0m
[4mMemory registration succeeded: lkey=1355921, rkey=1355921[0m
[4mRegistering memory: addr=0x7c6b8ee00000, size=1024 MB, pd=0x5c63ec420d30[0m
[4mMemory registration succeeded: lkey=1462095, rkey=1462095[0m
[4mMemlock limit: soft=48003 MB, hard=48003 MB, requested=0 MB[0m
[4mUsing NUMA node 1 (max available: 1)[0m
[4mHuge pages allocated at 0x7c6983800000, size=0 MB[0m
[4mRegistering memory: addr=0x7c6983800000, size=0 MB, pd=0x5c63ec3d48d0[0m
[4mMemory registration succeeded: lkey=1344902, rkey=1344902[0m
[4mRegistering memory: addr=0x7c6b8ee00000, size=1024 MB, pd=0x5c63ec3d48d0[0m
[4mMemory registration succeeded: lkey=1460296, rkey=1460296[0m
[4mMemlock limit: soft=48003 MB, hard=48003 MB, requested=0 MB[0m
[4mUsing NUMA node 1 (max available: 1)[0m
[4mHuge pages allocated at 0x7c6982c00000, size=0 MB[0m
[4mRegistering memory: addr=0x7c6982c00000, size=0 MB, pd=0x5c63ec449340[0m
[4mMemory registration succeeded: lkey=1350523, rkey=1350523[0m
[4mRegistering memory: addr=0x7c6b8ee00000, size=1024 MB, pd=0x5c63ec449340[0m
[4mMemory registration succeeded: lkey=1509384, rkey=1509384[0m
[4mMemlock limit: soft=48003 MB, hard=48003 MB, requested=0 MB[0m
[4mUsing NUMA node 1 (max available: 1)[0m
[4mHuge pages allocated at 0x7c6982200000, size=0 MB[0m
[4mRegistering memory: addr=0x7c6982200000, size=0 MB, pd=0x5c63ec495ac0[0m
[4mMemory registration succeeded: lkey=1457180, rkey=1457180[0m
[4mRegistering memory: addr=0x7c6b8ee00000, size=1024 MB, pd=0x5c63ec495ac0[0m
[4mMemory registration succeeded: lkey=1508099, rkey=1508099[0m
[4mMemlock limit: soft=48003 MB, hard=48003 MB, requested=0 MB[0m
[4mUsing NUMA node 1 (max available: 1)[0m
[4mHuge pages allocated at 0x7c6981600000, size=0 MB[0m
[4mRegistering memory: addr=0x7c6981600000, size=0 MB, pd=0x5c63ec4bcba0[0m
[4mMemory registration succeeded: lkey=1454869, rkey=1454869[0m
[4mRegistering memory: addr=0x7c6b8ee00000, size=1024 MB, pd=0x5c63ec4bcba0[0m
[4mMemory registration succeeded: lkey=1515519, rkey=1515519[0m
[4mMemlock limit: soft=48003 MB, hard=48003 MB, requested=0 MB[0m
[4mUsing NUMA node 1 (max available: 1)[0m
[4mHuge pages allocated at 0x7c6980a00000, size=0 MB[0m
[4mRegistering memory: addr=0x7c6980a00000, size=0 MB, pd=0x5c63ec497710[0m
[4mMemory registration succeeded: lkey=1444361, rkey=1444361[0m
[4mRegistering memory: addr=0x7c6b8ee00000, size=1024 MB, pd=0x5c63ec497710[0m
[4mMemory registration succeeded: lkey=1513977, rkey=1513977[0m
[4mMemlock limit: soft=48003 MB, hard=48003 MB, requested=0 MB[0m
[4mUsing NUMA node 1 (max available: 1)[0m
[4mHuge pages allocated at 0x7c6980000000, size=0 MB[0m
[4mRegistering memory: addr=0x7c6980000000, size=0 MB, pd=0x5c63ec4be2a0[0m
[4mMemory registration succeeded: lkey=1449981, rkey=1449981[0m
[4mRegistering memory: addr=0x7c6b8ee00000, size=1024 MB, pd=0x5c63ec4be2a0[0m
[4mMemory registration succeeded: lkey=1512692, rkey=1512692[0m
[4mMemlock limit: soft=48003 MB, hard=48003 MB, requested=0 MB[0m
[4mUsing NUMA node 1 (max available: 1)[0m
[4mHuge pages allocated at 0x7c697f400000, size=0 MB[0m
[4mRegistering memory: addr=0x7c697f400000, size=0 MB, pd=0x5c63ec531e20[0m
[4mMemory registration succeeded: lkey=1446890, rkey=1446890[0m
[4mRegistering memory: addr=0x7c6b8ee00000, size=1024 MB, pd=0x5c63ec531e20[0m
[4mMemory registration succeeded: lkey=1502958, rkey=1502958[0m
[4mMemlock limit: soft=48003 MB, hard=48003 MB, requested=0 MB[0m
[4mUsing NUMA node 1 (max available: 1)[0m
[4mHuge pages allocated at 0x7c697ea00000, size=0 MB[0m
[4mRegistering memory: addr=0x7c697ea00000, size=0 MB, pd=0x5c63ec558a00[0m
[4mMemory registration succeeded: lkey=1441503, rkey=1441503[0m
[4mRegistering memory: addr=0x7c6b8ee00000, size=1024 MB, pd=0x5c63ec558a00[0m
[4mMemory registration succeeded: lkey=1501416, rkey=1501416[0m
[4mMemlock limit: soft=48003 MB, hard=48003 MB, requested=0 MB[0m
[4mUsing NUMA node 1 (max available: 1)[0m
[4mHuge pages allocated at 0x7c697de00000, size=0 MB[0m
[4mRegistering memory: addr=0x7c697de00000, size=0 MB, pd=0x5c63ec50c5a0[0m
[4mMemory registration succeeded: lkey=1439186, rkey=1439186[0m
[4mRegistering memory: addr=0x7c6b8ee00000, size=1024 MB, pd=0x5c63ec50c5a0[0m
[4mMemory registration succeeded: lkey=1499618, rkey=1499618[0m
[4mMemlock limit: soft=48003 MB, hard=48003 MB, requested=0 MB[0m
[4mUsing NUMA node 1 (max available: 1)[0m
[4mHuge pages allocated at 0x7c697d400000, size=0 MB[0m
[4mRegistering memory: addr=0x7c697d400000, size=0 MB, pd=0x5c63ec533340[0m
[4mMemory registration succeeded: lkey=1427399, rkey=1427399[0m
[4mRegistering memory: addr=0x7c6b8ee00000, size=1024 MB, pd=0x5c63ec533340[0m
[4mMemory registration succeeded: lkey=1506781, rkey=1506781[0m
[4mMemlock limit: soft=48003 MB, hard=48003 MB, requested=0 MB[0m
[4mUsing NUMA node 1 (max available: 1)[0m
[4mHuge pages allocated at 0x7c697c800000, size=0 MB[0m
[4mRegistering memory: addr=0x7c697c800000, size=0 MB, pd=0x5c63ec5cdce0[0m
[4mMemory registration succeeded: lkey=1433021, rkey=1433021[0m
[4mRegistering memory: addr=0x7c6b8ee00000, size=1024 MB, pd=0x5c63ec5cdce0[0m
[4mMemory registration succeeded: lkey=1505239, rkey=1505239[0m
[4mMemlock limit: soft=48003 MB, hard=48003 MB, requested=0 MB[0m
[4mUsing NUMA node 1 (max available: 1)[0m
[4mHuge pages allocated at 0x7c697be00000, size=0 MB[0m
[4mRegistering memory: addr=0x7c697be00000, size=0 MB, pd=0x5c63ec55a8d0[0m
[4mMemory registration succeeded: lkey=1430195, rkey=1430195[0m
[4mRegistering memory: addr=0x7c6b8ee00000, size=1024 MB, pd=0x5c63ec55a8d0[0m
[4mMemory registration succeeded: lkey=1503954, rkey=1503954[0m
[4mMemlock limit: soft=48003 MB, hard=48003 MB, requested=0 MB[0m
[4mUsing NUMA node 1 (max available: 1)[0m
[4mHuge pages allocated at 0x7c697b200000, size=0 MB[0m
[4mRegistering memory: addr=0x7c697b200000, size=0 MB, pd=0x5c63ec5a8340[0m
[4mMemory registration succeeded: lkey=1419176, rkey=1419176[0m
[4mRegistering memory: addr=0x7c6b8ee00000, size=1024 MB, pd=0x5c63ec5a8340[0m
[4mMemory registration succeeded: lkey=1494477, rkey=1494477[0m
[4mMemlock limit: soft=48003 MB, hard=48003 MB, requested=0 MB[0m
[4mUsing NUMA node 1 (max available: 1)[0m
[4mHuge pages allocated at 0x7c697a800000, size=0 MB[0m
[4mRegistering memory: addr=0x7c697a800000, size=0 MB, pd=0x5c63ec642ac0[0m
[4mMemory registration succeeded: lkey=1424796, rkey=1424796[0m
[4mRegistering memory: addr=0x7c6b8ee00000, size=1024 MB, pd=0x5c63ec642ac0[0m
[4mMemory registration succeeded: lkey=1492935, rkey=1492935[0m
[4mMemlock limit: soft=48003 MB, hard=48003 MB, requested=0 MB[0m
[4mUsing NUMA node 1 (max available: 1)[0m
[4mHuge pages allocated at 0x7c6979c00000, size=0 MB[0m
[4mRegistering memory: addr=0x7c6979c00000, size=0 MB, pd=0x5c63ec669bf0[0m
[4mMemory registration succeeded: lkey=1421718, rkey=1421718[0m
[4mRegistering memory: addr=0x7c6b8ee00000, size=1024 MB, pd=0x5c63ec669bf0[0m
[4mMemory registration succeeded: lkey=1491907, rkey=1491907[0m
[4mMemlock limit: soft=48003 MB, hard=48003 MB, requested=0 MB[0m
[4mUsing NUMA node 1 (max available: 1)[0m
[4mHuge pages allocated at 0x7c6979200000, size=0 MB[0m
[4mRegistering memory: addr=0x7c6979200000, size=0 MB, pd=0x5c63ec5f67e0[0m
[4mMemory registration succeeded: lkey=1411727, rkey=1411727[0m
[4mRegistering memory: addr=0x7c6b8ee00000, size=1024 MB, pd=0x5c63ec5f67e0[0m
[4mMemory registration succeeded: lkey=1498557, rkey=1498557[0m
[4mMemlock limit: soft=48003 MB, hard=48003 MB, requested=0 MB[0m
[4mUsing NUMA node 1 (max available: 1)[0m
[4mHuge pages allocated at 0x7c6978600000, size=0 MB[0m
[4mRegistering memory: addr=0x7c6978600000, size=0 MB, pd=0x5c63ec61d500[0m
[4mMemory registration succeeded: lkey=1409918, rkey=1409918[0m
[4mRegistering memory: addr=0x7c698ee00000, size=8192 MB, pd=0x5c63ec61d500[0m
[4mMemory registration succeeded: lkey=1562551, rkey=1562551[0m
[4mCompute server 1 start up [252.127.0.0]
[0m
I connect server 0
Node 1 initialized (memory nodes: 1)
Node 1: Creating B+ tree...
Node 1: Tree initialization complete
Node 1: Starting bulk load (10000000 keys, kKeySpace=10001000)...
[INFO] new root level 2
[INFO] new root level 3
[INFO] new root level 4
  Loaded 1000000 / 10000000 keys
  Loaded 2000000 / 10000000 keys
[INFO] new root level 5
  Loaded 3000000 / 10000000 keys
  Loaded 4000000 / 10000000 keys
  Loaded 5000000 / 10000000 keys
  Loaded 6000000 / 10000000 keys
  Loaded 7000000 / 10000000 keys
  Loaded 8000000 / 10000000 keys
  Loaded 9000000 / 10000000 keys
  Loaded 10000000 / 10000000 keys
Node 1: Bulk load complete (10000000 keys)
Node 1: All nodes synchronized after bulk load
Workload generated: 999990 warmup + 30000000 measurement ops (Zipfian, theta=0.60)
Node 1: Starting benchmark (30000000 ops, 30 threads, range_size=100)...
Node 1: All threads finished warmup

===========================================
Benchmark Complete!
===========================================
Threads:        30
Range size:     100 (count-based)
Total ops:      30000000
Total reads:    21000000
Total ranges:   9000000
Throughput:     156383.00 ops/sec  (sum of per-thread, excludes warmup)
===========================================

--- CHIME Diagnostic Stats ---
Cache hit rate:            0.9999  (890264017 / 890346294)
Read delegation rate:      0.0000  (43 / 20382640)
Read leaf retry rate:      0.0000  (0 / 291383617)
Leaf cache invalid rate:   0.0000  (0 / 291383617)
Leaf read sibling rate:    0.0000  (0 / 291383617)
Speculative read rate:     0.2192  (63878971 / 291383617)
Correct speculative ratio: 1.0000  (63878971 / 63878971)
Read two hop-segments:     0.1116  (1732223 / 15515216)
Retry breakdown: first_try=20382597 invalid_leaf=0 invalid_node=0 find_next=0
 ----- [TreeCache]:  cache size=226 MB free_size=220.176 MB skiplist_node_cnt=20213 ----- 
consumed cache size = 5.824 MB
 ----- [IdxCache]:  cache size=30 MB free_size=0.000 MB ---- 
consumed hotspot buffer size = 30.000000 MB

------------------------------
Saved Read latency histogram to chime_read_latency.dat (21000000 samples)

Read Latency Percentiles:
  P50.0: 8.50 us
  P90.0: 16.00 us
  P95.0: 30.00 us
  P99.0: 68.00 us
  P99.9: 184.50 us
Saved Range latency histogram to chime_range_latency.dat (9000000 samples)

Range Latency Percentiles:
  P50.0: 606.50 us
  P90.0: 969.00 us
  P95.0: 1082.00 us
  P99.0: 1303.50 us
  P99.9: 1569.00 us
Node 1: Benchmark finished
