===========================================
CHIME Latency Benchmark (DEX-matched)
===========================================
Node count:     2
Thread count:   30
Read ratio:     70%
Range ratio:    30%
Total ops:      30000000
Range size:     100 (count-based)
Latency bucket: 500 ns
Zipf theta:     0.90
Uniform:        No (Zipfian)
Key derivation: CityHash (matching DEX)
Workload:       pre-generated + shuffled
Warmup:         full-mix (reads + ranges)
===========================================
Initializing DSM...
[4mMemlock limit: soft=48003 MB, hard=48003 MB, requested=1024 MB[0m
[4mUsing NUMA node 1 (max available: 1)[0m
[4mHuge pages allocated at 0x749132000000, size=1024 MB[0m
[4mMemlock limit: soft=48003 MB, hard=48003 MB, requested=8192 MB[0m
[4mUsing NUMA node 1 (max available: 1)[0m
[4mHuge pages allocated at 0x748f32000000, size=8192 MB[0m
[4mshared memory size: 8GB, 0x748f32000000[0m
[4mrdma cache size: 1GB[0m
[4mMachine NR: 2[0m
[4mMemlock limit: soft=48003 MB, hard=48003 MB, requested=0 MB[0m
[4mUsing NUMA node 1 (max available: 1)[0m
[4mHuge pages allocated at 0x748f31a00000, size=0 MB[0m
[4mRegistering memory: addr=0x748f31a00000, size=0 MB, pd=0x6293099c1870[0m
[4mMemory registration succeeded: lkey=1387571, rkey=1387571[0m
[4mRegistering memory: addr=0x749132000000, size=1024 MB, pd=0x6293099c1870[0m
[4mMemory registration succeeded: lkey=1465147, rkey=1465147[0m
[4mMemlock limit: soft=48003 MB, hard=48003 MB, requested=0 MB[0m
[4mUsing NUMA node 1 (max available: 1)[0m
[4mHuge pages allocated at 0x748f31000000, size=0 MB[0m
[4mRegistering memory: addr=0x748f31000000, size=0 MB, pd=0x629309a086b0[0m
[4mMemory registration succeeded: lkey=1386798, rkey=1386798[0m
[4mRegistering memory: addr=0x749132000000, size=1024 MB, pd=0x629309a086b0[0m
[4mMemory registration succeeded: lkey=1463091, rkey=1463091[0m
[4mMemlock limit: soft=48003 MB, hard=48003 MB, requested=0 MB[0m
[4mUsing NUMA node 1 (max available: 1)[0m
[4mHuge pages allocated at 0x748f30400000, size=0 MB[0m
[4mRegistering memory: addr=0x748f30400000, size=0 MB, pd=0x629309a0af50[0m
[4mMemory registration succeeded: lkey=1384996, rkey=1384996[0m
[4mRegistering memory: addr=0x749132000000, size=1024 MB, pd=0x629309a0af50[0m
[4mMemory registration succeeded: lkey=1452586, rkey=1452586[0m
[4mMemlock limit: soft=48003 MB, hard=48003 MB, requested=0 MB[0m
[4mUsing NUMA node 1 (max available: 1)[0m
[4mHuge pages allocated at 0x748f2fa00000, size=0 MB[0m
[4mRegistering memory: addr=0x748f2fa00000, size=0 MB, pd=0x629309a53db0[0m
[4mMemory registration succeeded: lkey=1390873, rkey=1390873[0m
[4mRegistering memory: addr=0x749132000000, size=1024 MB, pd=0x629309a53db0[0m
[4mMemory registration succeeded: lkey=1450016, rkey=1450016[0m
[4mMemlock limit: soft=48003 MB, hard=48003 MB, requested=0 MB[0m
[4mUsing NUMA node 1 (max available: 1)[0m
[4mHuge pages allocated at 0x748f2ee00000, size=0 MB[0m
[4mRegistering memory: addr=0x748f2ee00000, size=0 MB, pd=0x629309a78df0[0m
[4mMemory registration succeeded: lkey=1380104, rkey=1380104[0m
[4mRegistering memory: addr=0x749132000000, size=1024 MB, pd=0x629309a78df0[0m
[4mMemory registration succeeded: lkey=1455897, rkey=1455897[0m
[4mMemlock limit: soft=48003 MB, hard=48003 MB, requested=0 MB[0m
[4mUsing NUMA node 1 (max available: 1)[0m
[4mHuge pages allocated at 0x748f2e400000, size=0 MB[0m
[4mRegistering memory: addr=0x748f2e400000, size=0 MB, pd=0x629309a78f90[0m
[4mMemory registration succeeded: lkey=1383676, rkey=1383676[0m
[4mRegistering memory: addr=0x749132000000, size=1024 MB, pd=0x629309a78f90[0m
[4mMemory registration succeeded: lkey=1445390, rkey=1445390[0m
[4mMemlock limit: soft=48003 MB, hard=48003 MB, requested=0 MB[0m
[4mUsing NUMA node 1 (max available: 1)[0m
[4mHuge pages allocated at 0x748f2d800000, size=0 MB[0m
[4mRegistering memory: addr=0x748f2d800000, size=0 MB, pd=0x629309ac6f90[0m
[4mMemory registration succeeded: lkey=1381107, rkey=1381107[0m
[4mRegistering memory: addr=0x749132000000, size=1024 MB, pd=0x629309ac6f90[0m
[4mMemory registration succeeded: lkey=1443077, rkey=1443077[0m
[4mMemlock limit: soft=48003 MB, hard=48003 MB, requested=0 MB[0m
[4mUsing NUMA node 1 (max available: 1)[0m
[4mHuge pages allocated at 0x748f2ce00000, size=0 MB[0m
[4mRegistering memory: addr=0x748f2ce00000, size=0 MB, pd=0x629309aef2a0[0m
[4mMemory registration succeeded: lkey=1370347, rkey=1370347[0m
[4mRegistering memory: addr=0x749132000000, size=1024 MB, pd=0x629309aef2a0[0m
[4mMemory registration succeeded: lkey=1448698, rkey=1448698[0m
[4mMemlock limit: soft=48003 MB, hard=48003 MB, requested=0 MB[0m
[4mUsing NUMA node 1 (max available: 1)[0m
[4mHuge pages allocated at 0x748f2c200000, size=0 MB[0m
[4mRegistering memory: addr=0x748f2c200000, size=0 MB, pd=0x629309b14bf0[0m
[4mMemory registration succeeded: lkey=1368287, rkey=1368287[0m
[4mRegistering memory: addr=0x749132000000, size=1024 MB, pd=0x629309b14bf0[0m
[4mMemory registration succeeded: lkey=1437429, rkey=1437429[0m
[4mMemlock limit: soft=48003 MB, hard=48003 MB, requested=0 MB[0m
[4mUsing NUMA node 1 (max available: 1)[0m
[4mHuge pages allocated at 0x748f2b800000, size=0 MB[0m
[4mRegistering memory: addr=0x748f2b800000, size=0 MB, pd=0x629309b3d7e0[0m
[4mMemory registration succeeded: lkey=1373140, rkey=1373140[0m
[4mRegistering memory: addr=0x749132000000, size=1024 MB, pd=0x629309b3d7e0[0m
[4mMemory registration succeeded: lkey=1436396, rkey=1436396[0m
[4mMemlock limit: soft=48003 MB, hard=48003 MB, requested=0 MB[0m
[4mUsing NUMA node 1 (max available: 1)[0m
[4mHuge pages allocated at 0x748f2ac00000, size=0 MB[0m
[4mRegistering memory: addr=0x748f2ac00000, size=0 MB, pd=0x629309b64340[0m
[4mMemory registration succeeded: lkey=1362120, rkey=1362120[0m
[4mRegistering memory: addr=0x749132000000, size=1024 MB, pd=0x629309b64340[0m
[4mMemory registration succeeded: lkey=1434081, rkey=1434081[0m
[4mMemlock limit: soft=48003 MB, hard=48003 MB, requested=0 MB[0m
[4mUsing NUMA node 1 (max available: 1)[0m
[4mHuge pages allocated at 0x748f2a200000, size=0 MB[0m
[4mRegistering memory: addr=0x748f2a200000, size=0 MB, pd=0x629309b89ec0[0m
[4mMemory registration succeeded: lkey=1367230, rkey=1367230[0m
[4mRegistering memory: addr=0x749132000000, size=1024 MB, pd=0x629309b89ec0[0m
[4mMemory registration succeeded: lkey=1439446, rkey=1439446[0m
[4mMemlock limit: soft=48003 MB, hard=48003 MB, requested=0 MB[0m
[4mUsing NUMA node 1 (max available: 1)[0m
[4mHuge pages allocated at 0x748f29600000, size=0 MB[0m
[4mRegistering memory: addr=0x748f29600000, size=0 MB, pd=0x629309bb0aa0[0m
[4mMemory registration succeeded: lkey=1364914, rkey=1364914[0m
[4mRegistering memory: addr=0x749132000000, size=1024 MB, pd=0x629309bb0aa0[0m
[4mMemory registration succeeded: lkey=1428940, rkey=1428940[0m
[4mMemlock limit: soft=48003 MB, hard=48003 MB, requested=0 MB[0m
[4mUsing NUMA node 1 (max available: 1)[0m
[4mHuge pages allocated at 0x748f28a00000, size=0 MB[0m
[4mRegistering memory: addr=0x748f28a00000, size=0 MB, pd=0x629309bb2640[0m
[4mMemory registration succeeded: lkey=1353638, rkey=1353638[0m
[4mRegistering memory: addr=0x749132000000, size=1024 MB, pd=0x629309bb2640[0m
[4mMemory registration succeeded: lkey=1425857, rkey=1425857[0m
[4mMemlock limit: soft=48003 MB, hard=48003 MB, requested=0 MB[0m
[4mUsing NUMA node 1 (max available: 1)[0m
[4mHuge pages allocated at 0x748f28000000, size=0 MB[0m
[4mRegistering memory: addr=0x748f28000000, size=0 MB, pd=0x629309c00340[0m
[4mMemory registration succeeded: lkey=1358748, rkey=1358748[0m
[4mRegistering memory: addr=0x749132000000, size=1024 MB, pd=0x629309c00340[0m
[4mMemory registration succeeded: lkey=1431222, rkey=1431222[0m
[4mMemlock limit: soft=48003 MB, hard=48003 MB, requested=0 MB[0m
[4mUsing NUMA node 1 (max available: 1)[0m
[4mHuge pages allocated at 0x748f27400000, size=0 MB[0m
[4mRegistering memory: addr=0x748f27400000, size=0 MB, pd=0x629309c25d30[0m
[4mMemory registration succeeded: lkey=1355921, rkey=1355921[0m
[4mRegistering memory: addr=0x749132000000, size=1024 MB, pd=0x629309c25d30[0m
[4mMemory registration succeeded: lkey=1420462, rkey=1420462[0m
[4mMemlock limit: soft=48003 MB, hard=48003 MB, requested=0 MB[0m
[4mUsing NUMA node 1 (max available: 1)[0m
[4mHuge pages allocated at 0x748f26a00000, size=0 MB[0m
[4mRegistering memory: addr=0x748f26a00000, size=0 MB, pd=0x629309bd98d0[0m
[4mMemory registration succeeded: lkey=1344902, rkey=1344902[0m
[4mRegistering memory: addr=0x749132000000, size=1024 MB, pd=0x629309bd98d0[0m
[4mMemory registration succeeded: lkey=1418149, rkey=1418149[0m
[4mMemlock limit: soft=48003 MB, hard=48003 MB, requested=0 MB[0m
[4mUsing NUMA node 1 (max available: 1)[0m
[4mHuge pages allocated at 0x748f25e00000, size=0 MB[0m
[4mRegistering memory: addr=0x748f25e00000, size=0 MB, pd=0x629309c4e340[0m
[4mMemory registration succeeded: lkey=1350523, rkey=1350523[0m
[4mRegistering memory: addr=0x749132000000, size=1024 MB, pd=0x629309c4e340[0m
[4mMemory registration succeeded: lkey=1424026, rkey=1424026[0m
[4mMemlock limit: soft=48003 MB, hard=48003 MB, requested=0 MB[0m
[4mUsing NUMA node 1 (max available: 1)[0m
[4mHuge pages allocated at 0x748f25400000, size=0 MB[0m
[4mRegistering memory: addr=0x748f25400000, size=0 MB, pd=0x629309c9aac0[0m
[4mMemory registration succeeded: lkey=1457180, rkey=1457180[0m
[4mRegistering memory: addr=0x749132000000, size=1024 MB, pd=0x629309c9aac0[0m
[4mMemory registration succeeded: lkey=1421461, rkey=1421461[0m
[4mMemlock limit: soft=48003 MB, hard=48003 MB, requested=0 MB[0m
[4mUsing NUMA node 1 (max available: 1)[0m
[4mHuge pages allocated at 0x748f24800000, size=0 MB[0m
[4mRegistering memory: addr=0x748f24800000, size=0 MB, pd=0x629309cc1ba0[0m
[4mMemory registration succeeded: lkey=1454869, rkey=1454869[0m
[4mRegistering memory: addr=0x749132000000, size=1024 MB, pd=0x629309cc1ba0[0m
[4mMemory registration succeeded: lkey=1411213, rkey=1411213[0m
[4mMemlock limit: soft=48003 MB, hard=48003 MB, requested=0 MB[0m
[4mUsing NUMA node 1 (max available: 1)[0m
[4mHuge pages allocated at 0x748f23e00000, size=0 MB[0m
[4mRegistering memory: addr=0x748f23e00000, size=0 MB, pd=0x629309c9c710[0m
[4mMemory registration succeeded: lkey=1444361, rkey=1444361[0m
[4mRegistering memory: addr=0x749132000000, size=1024 MB, pd=0x629309c9c710[0m
[4mMemory registration succeeded: lkey=1409417, rkey=1409417[0m
[4mMemlock limit: soft=48003 MB, hard=48003 MB, requested=0 MB[0m
[4mUsing NUMA node 1 (max available: 1)[0m
[4mHuge pages allocated at 0x748f23200000, size=0 MB[0m
[4mRegistering memory: addr=0x748f23200000, size=0 MB, pd=0x629309cc32a0[0m
[4mMemory registration succeeded: lkey=1449981, rkey=1449981[0m
[4mRegistering memory: addr=0x749132000000, size=1024 MB, pd=0x629309cc32a0[0m
[4mMemory registration succeeded: lkey=1416571, rkey=1416571[0m
[4mMemlock limit: soft=48003 MB, hard=48003 MB, requested=0 MB[0m
[4mUsing NUMA node 1 (max available: 1)[0m
[4mHuge pages allocated at 0x748f22800000, size=0 MB[0m
[4mRegistering memory: addr=0x748f22800000, size=0 MB, pd=0x629309d36e20[0m
[4mMemory registration succeeded: lkey=1446890, rkey=1446890[0m
[4mRegistering memory: addr=0x749132000000, size=1024 MB, pd=0x629309d36e20[0m
[4mMemory registration succeeded: lkey=1404784, rkey=1404784[0m
[4mMemlock limit: soft=48003 MB, hard=48003 MB, requested=0 MB[0m
[4mUsing NUMA node 1 (max available: 1)[0m
[4mHuge pages allocated at 0x748f21c00000, size=0 MB[0m
[4mRegistering memory: addr=0x748f21c00000, size=0 MB, pd=0x629309d5da00[0m
[4mMemory registration succeeded: lkey=1441503, rkey=1441503[0m
[4mRegistering memory: addr=0x749132000000, size=1024 MB, pd=0x629309d5da00[0m
[4mMemory registration succeeded: lkey=1401965, rkey=1401965[0m
[4mMemlock limit: soft=48003 MB, hard=48003 MB, requested=0 MB[0m
[4mUsing NUMA node 1 (max available: 1)[0m
[4mHuge pages allocated at 0x748f21200000, size=0 MB[0m
[4mRegistering memory: addr=0x748f21200000, size=0 MB, pd=0x629309d115a0[0m
[4mMemory registration succeeded: lkey=1439186, rkey=1439186[0m
[4mRegistering memory: addr=0x749132000000, size=1024 MB, pd=0x629309d115a0[0m
[4mMemory registration succeeded: lkey=1401191, rkey=1401191[0m
[4mMemlock limit: soft=48003 MB, hard=48003 MB, requested=0 MB[0m
[4mUsing NUMA node 1 (max available: 1)[0m
[4mHuge pages allocated at 0x748f20600000, size=0 MB[0m
[4mRegistering memory: addr=0x748f20600000, size=0 MB, pd=0x629309d38340[0m
[4mMemory registration succeeded: lkey=1427399, rkey=1427399[0m
[4mRegistering memory: addr=0x749132000000, size=1024 MB, pd=0x629309d38340[0m
[4mMemory registration succeeded: lkey=1407838, rkey=1407838[0m
[4mMemlock limit: soft=48003 MB, hard=48003 MB, requested=0 MB[0m
[4mUsing NUMA node 1 (max available: 1)[0m
[4mHuge pages allocated at 0x748f1fc00000, size=0 MB[0m
[4mRegistering memory: addr=0x748f1fc00000, size=0 MB, pd=0x629309dd2ce0[0m
[4mMemory registration succeeded: lkey=1433021, rkey=1433021[0m
[4mRegistering memory: addr=0x749132000000, size=1024 MB, pd=0x629309dd2ce0[0m
[4mMemory registration succeeded: lkey=1405782, rkey=1405782[0m
[4mMemlock limit: soft=48003 MB, hard=48003 MB, requested=0 MB[0m
[4mUsing NUMA node 1 (max available: 1)[0m
[4mHuge pages allocated at 0x748f1f000000, size=0 MB[0m
[4mRegistering memory: addr=0x748f1f000000, size=0 MB, pd=0x629309d5f8d0[0m
[4mMemory registration succeeded: lkey=1430195, rkey=1430195[0m
[4mRegistering memory: addr=0x749132000000, size=1024 MB, pd=0x629309d5f8d0[0m
[4mMemory registration succeeded: lkey=1395795, rkey=1395795[0m
[4mMemlock limit: soft=48003 MB, hard=48003 MB, requested=0 MB[0m
[4mUsing NUMA node 1 (max available: 1)[0m
[4mHuge pages allocated at 0x748f1e400000, size=0 MB[0m
[4mRegistering memory: addr=0x748f1e400000, size=0 MB, pd=0x629309dad340[0m
[4mMemory registration succeeded: lkey=1419176, rkey=1419176[0m
[4mRegistering memory: addr=0x749132000000, size=1024 MB, pd=0x629309dad340[0m
[4mMemory registration succeeded: lkey=1394502, rkey=1394502[0m
[4mMemlock limit: soft=48003 MB, hard=48003 MB, requested=0 MB[0m
[4mUsing NUMA node 1 (max available: 1)[0m
[4mHuge pages allocated at 0x748f1da00000, size=0 MB[0m
[4mRegistering memory: addr=0x748f1da00000, size=0 MB, pd=0x629309e47ac0[0m
[4mMemory registration succeeded: lkey=1424796, rkey=1424796[0m
[4mRegistering memory: addr=0x749132000000, size=1024 MB, pd=0x629309e47ac0[0m
[4mMemory registration succeeded: lkey=1399360, rkey=1399360[0m
[4mMemlock limit: soft=48003 MB, hard=48003 MB, requested=0 MB[0m
[4mUsing NUMA node 1 (max available: 1)[0m
[4mHuge pages allocated at 0x748f1ce00000, size=0 MB[0m
[4mRegistering memory: addr=0x748f1ce00000, size=0 MB, pd=0x629309e6ebf0[0m
[4mMemory registration succeeded: lkey=1421718, rkey=1421718[0m
[4mRegistering memory: addr=0x749132000000, size=1024 MB, pd=0x629309e6ebf0[0m
[4mMemory registration succeeded: lkey=1398076, rkey=1398076[0m
[4mMemlock limit: soft=48003 MB, hard=48003 MB, requested=0 MB[0m
[4mUsing NUMA node 1 (max available: 1)[0m
[4mHuge pages allocated at 0x748f1c400000, size=0 MB[0m
[4mRegistering memory: addr=0x748f1c400000, size=0 MB, pd=0x629309dfb7e0[0m
[4mMemory registration succeeded: lkey=1411727, rkey=1411727[0m
[4mRegistering memory: addr=0x749132000000, size=1024 MB, pd=0x629309dfb7e0[0m
[4mMemory registration succeeded: lkey=1396768, rkey=1396768[0m
[4mMemlock limit: soft=48003 MB, hard=48003 MB, requested=0 MB[0m
[4mUsing NUMA node 1 (max available: 1)[0m
[4mHuge pages allocated at 0x748f1ba00000, size=0 MB[0m
[4mRegistering memory: addr=0x748f1ba00000, size=0 MB, pd=0x629309e22500[0m
[4mMemory registration succeeded: lkey=1409918, rkey=1409918[0m
[4mRegistering memory: addr=0x748f32000000, size=8192 MB, pd=0x629309e22500[0m
[4mMemory registration succeeded: lkey=1562551, rkey=1562551[0m
[4mCompute server 1 start up [253.127.0.0]
[0m
I connect server 0
Node 1 initialized (memory nodes: 1)
Node 1: Creating B+ tree...
Node 1: Tree initialization colatency_bench: /home/apa222/dex-partial/CHIME_Cache_Coherent_trie/include/MetadataManager.h:73: static bool MetadataManager::decode_segment_metadata(char*, char*, uint64_t, int, LeafMetadata&): Assertion `*scattered_metadata == *(ScatteredMetadata *)(input_buffer + i)' failed.
latency_bench: /home/apa222/dex-partial/CHIME_Cache_Coherent_trie/include/MetadataManager.h:73: static bool MetadataManager::decode_segment_metadata(char*, char*, uint64_t, int, LeafMetadata&): Assertion `*scattered_metadata == *(ScatteredMetadata *)(input_buffer + i)' failed.
