===========================================
CHIME Latency Benchmark (DEX-matched)
===========================================
Node count:     2
Thread count:   30
Read ratio:     100%
Range ratio:    0%
Total ops:      30000000
Range size:     100 (count-based)
Latency bucket: 500 ns
Zipf theta:     0.90
Uniform:        No (Zipfian)
Key derivation: CityHash (matching DEX)
Workload:       pre-generated + shuffled
Warmup:         full-mix (reads + ranges)
===========================================
Initializing DSM...
[4mMemlock limit: soft=48003 MB, hard=48003 MB, requested=1024 MB[0m
[4mUsing NUMA node 1 (max available: 1)[0m
[4mHuge pages allocated at 0x79e25e200000, size=1024 MB[0m
[4mMemlock limit: soft=48003 MB, hard=48003 MB, requested=8192 MB[0m
[4mUsing NUMA node 1 (max available: 1)[0m
[4mHuge pages allocated at 0x79e05e200000, size=8192 MB[0m
[4mshared memory size: 8GB, 0x79e05e200000[0m
[4mrdma cache size: 1GB[0m
[4mMachine NR: 2[0m
[4mMemlock limit: soft=48003 MB, hard=48003 MB, requested=0 MB[0m
[4mUsing NUMA node 1 (max available: 1)[0m
[4mHuge pages allocated at 0x79e05dc00000, size=0 MB[0m
[4mRegistering memory: addr=0x79e05dc00000, size=0 MB, pd=0x5ab5be322870[0m
[4mMemory registration succeeded: lkey=1387571, rkey=1387571[0m
[4mRegistering memory: addr=0x79e25e200000, size=1024 MB, pd=0x5ab5be322870[0m
[4mMemory registration succeeded: lkey=1486253, rkey=1486253[0m
[4mMemlock limit: soft=48003 MB, hard=48003 MB, requested=0 MB[0m
[4mUsing NUMA node 1 (max available: 1)[0m
[4mHuge pages allocated at 0x79e05d200000, size=0 MB[0m
[4mRegistering memory: addr=0x79e05d200000, size=0 MB, pd=0x5ab5be3696b0[0m
[4mMemory registration succeeded: lkey=1386798, rkey=1386798[0m
[4mRegistering memory: addr=0x79e25e200000, size=1024 MB, pd=0x5ab5be3696b0[0m
[4mMemory registration succeeded: lkey=1484711, rkey=1484711[0m
[4mMemlock limit: soft=48003 MB, hard=48003 MB, requested=0 MB[0m
[4mUsing NUMA node 1 (max available: 1)[0m
[4mHuge pages allocated at 0x79e05c600000, size=0 MB[0m
[4mRegistering memory: addr=0x79e05c600000, size=0 MB, pd=0x5ab5be36bf50[0m
[4mMemory registration succeeded: lkey=1384996, rkey=1384996[0m
[4mRegistering memory: addr=0x79e25e200000, size=1024 MB, pd=0x5ab5be36bf50[0m
[4mMemory registration succeeded: lkey=1483169, rkey=1483169[0m
[4mMemlock limit: soft=48003 MB, hard=48003 MB, requested=0 MB[0m
[4mUsing NUMA node 1 (max available: 1)[0m
[4mHuge pages allocated at 0x79e05bc00000, size=0 MB[0m
[4mRegistering memory: addr=0x79e05bc00000, size=0 MB, pd=0x5ab5be3b4db0[0m
[4mMemory registration succeeded: lkey=1390873, rkey=1390873[0m
[4mRegistering memory: addr=0x79e25e200000, size=1024 MB, pd=0x5ab5be3b4db0[0m
[4mMemory registration succeeded: lkey=1490076, rkey=1490076[0m
[4mMemlock limit: soft=48003 MB, hard=48003 MB, requested=0 MB[0m
[4mUsing NUMA node 1 (max available: 1)[0m
[4mHuge pages allocated at 0x79e05b000000, size=0 MB[0m
[4mRegistering memory: addr=0x79e05b000000, size=0 MB, pd=0x5ab5be3d9df0[0m
[4mMemory registration succeeded: lkey=1380104, rkey=1380104[0m
[4mRegistering memory: addr=0x79e25e200000, size=1024 MB, pd=0x5ab5be3d9df0[0m
[4mMemory registration succeeded: lkey=1488534, rkey=1488534[0m
[4mMemlock limit: soft=48003 MB, hard=48003 MB, requested=0 MB[0m
[4mUsing NUMA node 1 (max available: 1)[0m
[4mHuge pages allocated at 0x79e05a600000, size=0 MB[0m
[4mRegistering memory: addr=0x79e05a600000, size=0 MB, pd=0x5ab5be3d9f90[0m
[4mMemory registration succeeded: lkey=1383676, rkey=1383676[0m
[4mRegistering memory: addr=0x79e25e200000, size=1024 MB, pd=0x5ab5be3d9f90[0m
[4mMemory registration succeeded: lkey=1486992, rkey=1486992[0m
[4mMemlock limit: soft=48003 MB, hard=48003 MB, requested=0 MB[0m
[4mUsing NUMA node 1 (max available: 1)[0m
[4mHuge pages allocated at 0x79e059a00000, size=0 MB[0m
[4mRegistering memory: addr=0x79e059a00000, size=0 MB, pd=0x5ab5be427f90[0m
[4mMemory registration succeeded: lkey=1381107, rkey=1381107[0m
[4mRegistering memory: addr=0x79e25e200000, size=1024 MB, pd=0x5ab5be427f90[0m
[4mMemory registration succeeded: lkey=1477772, rkey=1477772[0m
[4mMemlock limit: soft=48003 MB, hard=48003 MB, requested=0 MB[0m
[4mUsing NUMA node 1 (max available: 1)[0m
[4mHuge pages allocated at 0x79e059000000, size=0 MB[0m
[4mRegistering memory: addr=0x79e059000000, size=0 MB, pd=0x5ab5be4502a0[0m
[4mMemory registration succeeded: lkey=1370347, rkey=1370347[0m
[4mRegistering memory: addr=0x79e25e200000, size=1024 MB, pd=0x5ab5be4502a0[0m
[4mMemory registration succeeded: lkey=1476231, rkey=1476231[0m
[4mMemlock limit: soft=48003 MB, hard=48003 MB, requested=0 MB[0m
[4mUsing NUMA node 1 (max available: 1)[0m
[4mHuge pages allocated at 0x79e058400000, size=0 MB[0m
[4mRegistering memory: addr=0x79e058400000, size=0 MB, pd=0x5ab5be475bf0[0m
[4mMemory registration succeeded: lkey=1368287, rkey=1368287[0m
[4mRegistering memory: addr=0x79e25e200000, size=1024 MB, pd=0x5ab5be475bf0[0m
[4mMemory registration succeeded: lkey=1474945, rkey=1474945[0m
[4mMemlock limit: soft=48003 MB, hard=48003 MB, requested=0 MB[0m
[4mUsing NUMA node 1 (max available: 1)[0m
[4mHuge pages allocated at 0x79e057a00000, size=0 MB[0m
[4mRegistering memory: addr=0x79e057a00000, size=0 MB, pd=0x5ab5be49e7e0[0m
[4mMemory registration succeeded: lkey=1373140, rkey=1373140[0m
[4mRegistering memory: addr=0x79e25e200000, size=1024 MB, pd=0x5ab5be49e7e0[0m
[4mMemory registration succeeded: lkey=1482109, rkey=1482109[0m
[4mMemlock limit: soft=48003 MB, hard=48003 MB, requested=0 MB[0m
[4mUsing NUMA node 1 (max available: 1)[0m
[4mHuge pages allocated at 0x79e056e00000, size=0 MB[0m
[4mRegistering memory: addr=0x79e056e00000, size=0 MB, pd=0x5ab5be4c5340[0m
[4mMemory registration succeeded: lkey=1362120, rkey=1362120[0m
[4mRegistering memory: addr=0x79e25e200000, size=1024 MB, pd=0x5ab5be4c5340[0m
[4mMemory registration succeeded: lkey=1480567, rkey=1480567[0m
[4mMemlock limit: soft=48003 MB, hard=48003 MB, requested=0 MB[0m
[4mUsing NUMA node 1 (max available: 1)[0m
[4mHuge pages allocated at 0x79e056400000, size=0 MB[0m
[4mRegistering memory: addr=0x79e056400000, size=0 MB, pd=0x5ab5be4eaec0[0m
[4mMemory registration succeeded: lkey=1367230, rkey=1367230[0m
[4mRegistering memory: addr=0x79e25e200000, size=1024 MB, pd=0x5ab5be4eaec0[0m
[4mMemory registration succeeded: lkey=1478768, rkey=1478768[0m
[4mMemlock limit: soft=48003 MB, hard=48003 MB, requested=0 MB[0m
[4mUsing NUMA node 1 (max available: 1)[0m
[4mHuge pages allocated at 0x79e055800000, size=0 MB[0m
[4mRegistering memory: addr=0x79e055800000, size=0 MB, pd=0x5ab5be511aa0[0m
[4mMemory registration succeeded: lkey=1364914, rkey=1364914[0m
[4mRegistering memory: addr=0x79e25e200000, size=1024 MB, pd=0x5ab5be511aa0[0m
[4mMemory registration succeeded: lkey=1469033, rkey=1469033[0m
[4mMemlock limit: soft=48003 MB, hard=48003 MB, requested=0 MB[0m
[4mUsing NUMA node 1 (max available: 1)[0m
[4mHuge pages allocated at 0x79e054c00000, size=0 MB[0m
[4mRegistering memory: addr=0x79e054c00000, size=0 MB, pd=0x5ab5be513640[0m
[4mMemory registration succeeded: lkey=1353638, rkey=1353638[0m
[4mRegistering memory: addr=0x79e25e200000, size=1024 MB, pd=0x5ab5be513640[0m
[4mMemory registration succeeded: lkey=1466463, rkey=1466463[0m
[4mMemlock limit: soft=48003 MB, hard=48003 MB, requested=0 MB[0m
[4mUsing NUMA node 1 (max available: 1)[0m
[4mHuge pages allocated at 0x79e054200000, size=0 MB[0m
[4mRegistering memory: addr=0x79e054200000, size=0 MB, pd=0x5ab5be561340[0m
[4mMemory registration succeeded: lkey=1358748, rkey=1358748[0m
[4mRegistering memory: addr=0x79e25e200000, size=1024 MB, pd=0x5ab5be561340[0m
[4mMemory registration succeeded: lkey=1472343, rkey=1472343[0m
[4mMemlock limit: soft=48003 MB, hard=48003 MB, requested=0 MB[0m
[4mUsing NUMA node 1 (max available: 1)[0m
[4mHuge pages allocated at 0x79e053600000, size=0 MB[0m
[4mRegistering memory: addr=0x79e053600000, size=0 MB, pd=0x5ab5be586d30[0m
[4mMemory registration succeeded: lkey=1355921, rkey=1355921[0m
[4mRegistering memory: addr=0x79e25e200000, size=1024 MB, pd=0x5ab5be586d30[0m
[4mMemory registration succeeded: lkey=1462095, rkey=1462095[0m
[4mMemlock limit: soft=48003 MB, hard=48003 MB, requested=0 MB[0m
[4mUsing NUMA node 1 (max available: 1)[0m
[4mHuge pages allocated at 0x79e052c00000, size=0 MB[0m
[4mRegistering memory: addr=0x79e052c00000, size=0 MB, pd=0x5ab5be53a8d0[0m
[4mMemory registration succeeded: lkey=1344902, rkey=1344902[0m
[4mRegistering memory: addr=0x79e25e200000, size=1024 MB, pd=0x5ab5be53a8d0[0m
[4mMemory registration succeeded: lkey=1460296, rkey=1460296[0m
[4mMemlock limit: soft=48003 MB, hard=48003 MB, requested=0 MB[0m
[4mUsing NUMA node 1 (max available: 1)[0m
[4mHuge pages allocated at 0x79e052000000, size=0 MB[0m
[4mRegistering memory: addr=0x79e052000000, size=0 MB, pd=0x5ab5be5af340[0m
[4mMemory registration succeeded: lkey=1350523, rkey=1350523[0m
[4mRegistering memory: addr=0x79e25e200000, size=1024 MB, pd=0x5ab5be5af340[0m
[4mMemory registration succeeded: lkey=1509384, rkey=1509384[0m
[4mMemlock limit: soft=48003 MB, hard=48003 MB, requested=0 MB[0m
[4mUsing NUMA node 1 (max available: 1)[0m
[4mHuge pages allocated at 0x79e051600000, size=0 MB[0m
[4mRegistering memory: addr=0x79e051600000, size=0 MB, pd=0x5ab5be5fbac0[0m
[4mMemory registration succeeded: lkey=1457180, rkey=1457180[0m
[4mRegistering memory: addr=0x79e25e200000, size=1024 MB, pd=0x5ab5be5fbac0[0m
[4mMemory registration succeeded: lkey=1508099, rkey=1508099[0m
[4mMemlock limit: soft=48003 MB, hard=48003 MB, requested=0 MB[0m
[4mUsing NUMA node 1 (max available: 1)[0m
[4mHuge pages allocated at 0x79e050a00000, size=0 MB[0m
[4mRegistering memory: addr=0x79e050a00000, size=0 MB, pd=0x5ab5be622ba0[0m
[4mMemory registration succeeded: lkey=1454869, rkey=1454869[0m
[4mRegistering memory: addr=0x79e25e200000, size=1024 MB, pd=0x5ab5be622ba0[0m
[4mMemory registration succeeded: lkey=1515519, rkey=1515519[0m
[4mMemlock limit: soft=48003 MB, hard=48003 MB, requested=0 MB[0m
[4mUsing NUMA node 1 (max available: 1)[0m
[4mHuge pages allocated at 0x79e050000000, size=0 MB[0m
[4mRegistering memory: addr=0x79e050000000, size=0 MB, pd=0x5ab5be5fd710[0m
[4mMemory registration succeeded: lkey=1444361, rkey=1444361[0m
[4mRegistering memory: addr=0x79e25e200000, size=1024 MB, pd=0x5ab5be5fd710[0m
[4mMemory registration succeeded: lkey=1513977, rkey=1513977[0m
[4mMemlock limit: soft=48003 MB, hard=48003 MB, requested=0 MB[0m
[4mUsing NUMA node 1 (max available: 1)[0m
[4mHuge pages allocated at 0x79e04f400000, size=0 MB[0m
[4mRegistering memory: addr=0x79e04f400000, size=0 MB, pd=0x5ab5be6242a0[0m
[4mMemory registration succeeded: lkey=1449981, rkey=1449981[0m
[4mRegistering memory: addr=0x79e25e200000, size=1024 MB, pd=0x5ab5be6242a0[0m
[4mMemory registration succeeded: lkey=1512692, rkey=1512692[0m
[4mMemlock limit: soft=48003 MB, hard=48003 MB, requested=0 MB[0m
[4mUsing NUMA node 1 (max available: 1)[0m
[4mHuge pages allocated at 0x79e04ea00000, size=0 MB[0m
[4mRegistering memory: addr=0x79e04ea00000, size=0 MB, pd=0x5ab5be697e20[0m
[4mMemory registration succeeded: lkey=1446890, rkey=1446890[0m
[4mRegistering memory: addr=0x79e25e200000, size=1024 MB, pd=0x5ab5be697e20[0m
[4mMemory registration succeeded: lkey=1502958, rkey=1502958[0m
[4mMemlock limit: soft=48003 MB, hard=48003 MB, requested=0 MB[0m
[4mUsing NUMA node 1 (max available: 1)[0m
[4mHuge pages allocated at 0x79e04de00000, size=0 MB[0m
[4mRegistering memory: addr=0x79e04de00000, size=0 MB, pd=0x5ab5be6bea00[0m
[4mMemory registration succeeded: lkey=1441503, rkey=1441503[0m
[4mRegistering memory: addr=0x79e25e200000, size=1024 MB, pd=0x5ab5be6bea00[0m
[4mMemory registration succeeded: lkey=1501416, rkey=1501416[0m
[4mMemlock limit: soft=48003 MB, hard=48003 MB, requested=0 MB[0m
[4mUsing NUMA node 1 (max available: 1)[0m
[4mHuge pages allocated at 0x79e04d400000, size=0 MB[0m
[4mRegistering memory: addr=0x79e04d400000, size=0 MB, pd=0x5ab5be6725a0[0m
[4mMemory registration succeeded: lkey=1439186, rkey=1439186[0m
[4mRegistering memory: addr=0x79e25e200000, size=1024 MB, pd=0x5ab5be6725a0[0m
[4mMemory registration succeeded: lkey=1499618, rkey=1499618[0m
[4mMemlock limit: soft=48003 MB, hard=48003 MB, requested=0 MB[0m
[4mUsing NUMA node 1 (max available: 1)[0m
[4mHuge pages allocated at 0x79e04c800000, size=0 MB[0m
[4mRegistering memory: addr=0x79e04c800000, size=0 MB, pd=0x5ab5be699340[0m
[4mMemory registration succeeded: lkey=1427399, rkey=1427399[0m
[4mRegistering memory: addr=0x79e25e200000, size=1024 MB, pd=0x5ab5be699340[0m
[4mMemory registration succeeded: lkey=1506781, rkey=1506781[0m
[4mMemlock limit: soft=48003 MB, hard=48003 MB, requested=0 MB[0m
[4mUsing NUMA node 1 (max available: 1)[0m
[4mHuge pages allocated at 0x79e04be00000, size=0 MB[0m
[4mRegistering memory: addr=0x79e04be00000, size=0 MB, pd=0x5ab5be733ce0[0m
[4mMemory registration succeeded: lkey=1433021, rkey=1433021[0m
[4mRegistering memory: addr=0x79e25e200000, size=1024 MB, pd=0x5ab5be733ce0[0m
[4mMemory registration succeeded: lkey=1505239, rkey=1505239[0m
[4mMemlock limit: soft=48003 MB, hard=48003 MB, requested=0 MB[0m
[4mUsing NUMA node 1 (max available: 1)[0m
[4mHuge pages allocated at 0x79e04b200000, size=0 MB[0m
[4mRegistering memory: addr=0x79e04b200000, size=0 MB, pd=0x5ab5be6c08d0[0m
[4mMemory registration succeeded: lkey=1430195, rkey=1430195[0m
[4mRegistering memory: addr=0x79e25e200000, size=1024 MB, pd=0x5ab5be6c08d0[0m
[4mMemory registration succeeded: lkey=1503954, rkey=1503954[0m
[4mMemlock limit: soft=48003 MB, hard=48003 MB, requested=0 MB[0m
[4mUsing NUMA node 1 (max available: 1)[0m
[4mHuge pages allocated at 0x79e04a600000, size=0 MB[0m
[4mRegistering memory: addr=0x79e04a600000, size=0 MB, pd=0x5ab5be70e340[0m
[4mMemory registration succeeded: lkey=1419176, rkey=1419176[0m
[4mRegistering memory: addr=0x79e25e200000, size=1024 MB, pd=0x5ab5be70e340[0m
[4mMemory registration succeeded: lkey=1494477, rkey=1494477[0m
[4mMemlock limit: soft=48003 MB, hard=48003 MB, requested=0 MB[0m
[4mUsing NUMA node 1 (max available: 1)[0m
[4mHuge pages allocated at 0x79e049c00000, size=0 MB[0m
[4mRegistering memory: addr=0x79e049c00000, size=0 MB, pd=0x5ab5be7a8ac0[0m
[4mMemory registration succeeded: lkey=1424796, rkey=1424796[0m
[4mRegistering memory: addr=0x79e25e200000, size=1024 MB, pd=0x5ab5be7a8ac0[0m
[4mMemory registration succeeded: lkey=1492935, rkey=1492935[0m
[4mMemlock limit: soft=48003 MB, hard=48003 MB, requested=0 MB[0m
[4mUsing NUMA node 1 (max available: 1)[0m
[4mHuge pages allocated at 0x79e049000000, size=0 MB[0m
[4mRegistering memory: addr=0x79e049000000, size=0 MB, pd=0x5ab5be7cfbf0[0m
[4mMemory registration succeeded: lkey=1421718, rkey=1421718[0m
[4mRegistering memory: addr=0x79e25e200000, size=1024 MB, pd=0x5ab5be7cfbf0[0m
[4mMemory registration succeeded: lkey=1491907, rkey=1491907[0m
[4mMemlock limit: soft=48003 MB, hard=48003 MB, requested=0 MB[0m
[4mUsing NUMA node 1 (max available: 1)[0m
[4mHuge pages allocated at 0x79e048600000, size=0 MB[0m
[4mRegistering memory: addr=0x79e048600000, size=0 MB, pd=0x5ab5be75c7e0[0m
[4mMemory registration succeeded: lkey=1411727, rkey=1411727[0m
[4mRegistering memory: addr=0x79e25e200000, size=1024 MB, pd=0x5ab5be75c7e0[0m
[4mMemory registration succeeded: lkey=1498557, rkey=1498557[0m
[4mMemlock limit: soft=48003 MB, hard=48003 MB, requested=0 MB[0m
[4mUsing NUMA node 1 (max available: 1)[0m
[4mHuge pages allocated at 0x79e047c00000, size=0 MB[0m
[4mRegistering memory: addr=0x79e047c00000, size=0 MB, pd=0x5ab5be783500[0m
[4mMemory registration succeeded: lkey=1409918, rkey=1409918[0m
[4mRegistering memory: addr=0x79e05e200000, size=8192 MB, pd=0x5ab5be783500[0m
[4mMemory registration succeeded: lkey=1562551, rkey=1562551[0m
[4mCompute server 1 start up [255.127.0.0]
[0m
I connect server 0
Node 1 initialized (memory nodes: 1)
Node 1: Creating B+ tree...
Node 1: Tree initialization complete
Node 1: Starting bulk load (10000000 keys, kKeySpace=10001000)...
[INFO] new root level 2
[INFO] new root level 3
[INFO] new root level 4
  Loaded 1000000 / 10000000 keys
  Loaded 2000000 / 10000000 keys
[INFO] new root level 5
  Loaded 3000000 / 10000000 keys
  Loaded 4000000 / 10000000 keys
  Loaded 5000000 / 10000000 keys
  Loaded 6000000 / 10000000 keys
  Loaded 7000000 / 10000000 keys
  Loaded 8000000 / 10000000 keys
  Loaded 9000000 / 10000000 keys
  Loaded 10000000 / 10000000 keys
Node 1: Bulk load complete (10000000 keys)
Node 1: All nodes synchronized after bulk load
Workload generated: 999990 warmup + 30000000 measurement ops (Zipfian, theta=0.90)
Node 1: Starting benchmark (30000000 ops, 30 threads, range_size=100)...
Node 1: All threads finished warmup

===========================================
Benchmark Complete!
===========================================
Threads:        30
Range size:     100 (count-based)
Total ops:      30000000
Total reads:    30000000
Total ranges:   0
Throughput:     4568955.00 ops/sec  (sum of per-thread, excludes warmup)
===========================================

--- CHIME Diagnostic Stats ---
Cache hit rate:            1.0000  (28491231 / 28491231)
Read delegation rate:      0.0175  (508769 / 29000000)
Read leaf retry rate:      0.0000  (0 / 28491231)
Leaf cache invalid rate:   0.0000  (0 / 28491231)
Leaf read sibling rate:    0.0000  (0 / 28491231)
Speculative read rate:     0.7947  (22642276 / 28491231)
Correct speculative ratio: 1.0000  (22642276 / 22642276)
Read two hop-segments:     0.1094  (639947 / 5848955)
Retry breakdown: first_try=28491231 invalid_leaf=0 invalid_node=0 find_next=0
 ----- [TreeCache]:  cache size=226 MB free_size=220.176 MB skiplist_node_cnt=20213 ----- 
consumed cache size = 5.824 MB
 ----- [IdxCache]:  cache size=30 MB free_size=0.000 MB ---- 
consumed hotspot buffer size = 30.000000 MB

------------------------------
Saved Read latency histogram to chime_read_latency.dat (30000000 samples)

Read Latency Percentiles:
  P50.0: 6.00 us
  P90.0: 7.50 us
  P95.0: 8.50 us
  P99.0: 11.50 us
  P99.9: 15.50 us
No Range samples to save
Node 1: Benchmark finished
