-- The C compiler identification is GNU 13.1.1
-- The CXX compiler identification is GNU 13.1.1
-- Detecting C compiler ABI info
-- Detecting C compiler ABI info - done
-- Check for working C compiler: /usr/bin/cc - skipped
-- Detecting C compile features
-- Detecting C compile features - done
-- Detecting CXX compiler ABI info
-- Detecting CXX compiler ABI info - done
-- Check for working CXX compiler: /usr/bin/c++ - skipped
-- Detecting CXX compile features
-- Detecting CXX compile features - done
-- Configuring done (0.4s)
-- Generating done (0.0s)
-- Build files have been written to: /home/apa222/dex-partial/CHIME/build
[  5%] Building CXX object CMakeFiles/CHIME.dir/src/AbstractMessageConnection.cpp.o
[ 15%] Building CXX object CMakeFiles/CHIME.dir/src/DirectoryConnection.cpp.o
[ 21%] Building CXX object CMakeFiles/CHIME.dir/src/DSMKeeper.cpp.o
[ 21%] Building CXX object CMakeFiles/CHIME.dir/src/ThreadConnection.cpp.o
[ 36%] Building CXX object CMakeFiles/CHIME.dir/src/DSM.cpp.o
[ 36%] Building CXX object CMakeFiles/CHIME.dir/src/Keeper.cpp.o
[ 36%] Building CXX object CMakeFiles/CHIME.dir/src/Debug.cpp.o
[ 47%] Building CXX object CMakeFiles/CHIME.dir/src/Directory.cpp.o
[ 47%] Building CXX object CMakeFiles/CHIME.dir/src/RdmaCache.cpp.o
[ 57%] Building CXX object CMakeFiles/CHIME.dir/src/RawMessageConnection.cpp.o
[ 57%] Building CXX object CMakeFiles/CHIME.dir/src/rdma/Operation.cpp.o
[ 68%] Building CXX object CMakeFiles/CHIME.dir/src/rdma/Resource.cpp.o
[ 73%] Building CXX object CMakeFiles/CHIME.dir/src/Common.cpp.o
[ 73%] Building CXX object CMakeFiles/CHIME.dir/src/rdma/StateTrans.cpp.o
[ 78%] Building CXX object CMakeFiles/CHIME.dir/src/Tree.cpp.o
[ 84%] Building CXX object CMakeFiles/CHIME.dir/src/rdma/Utility.cpp.o
In file included from /home/apa222/dex-partial/CHIME/src/rdma/Operation.cpp:1:
/home/apa222/dex-partial/CHIME/include/Rdma.h:82:21: error: ‘ibv_exp_dct’ was not declared in this scope
   82 | bool createDCTarget(ibv_exp_dct **dct, ibv_cq *cq, RdmaContext *context,
      |                     ^~~~~~~~~~~
In file included from /home/apa222/dex-partial/CHIME/src/rdma/Resource.cpp:1:
/home/apa222/dex-partial/CHIME/include/Rdma.h:82:21: error: ‘ibv_exp_dct’ was not declared in this scope
   82 | bool createDCTarget(ibv_exp_dct **dct, ibv_cq *cq, RdmaContext *context,
      |                     ^~~~~~~~~~~
/home/apa222/dex-partial/CHIME/include/Rdma.h:82:35: error: ‘dct’ was not declared in this scope
   82 | bool createDCTarget(ibv_exp_dct **dct, ibv_cq *cq, RdmaContext *context,
      |                                   ^~~
/home/apa222/dex-partial/CHIME/include/Rdma.h:82:47: error: expected primary-expression before ‘*’ token
   82 | bool createDCTarget(ibv_exp_dct **dct, ibv_cq *cq, RdmaContext *context,
      |                                               ^
/home/apa222/dex-partial/CHIME/include/Rdma.h:82:35: error: ‘dct’ was not declared in this scope
   82 | bool createDCTarget(ibv_exp_dct **dct, ibv_cq *cq, RdmaContext *context,
      |                                   ^~~
/home/apa222/dex-partial/CHIME/include/Rdma.h:82:47: error: expected primary-expression before ‘*’ token
   82 | bool createDCTarget(ibv_exp_dct **dct, ibv_cq *cq, RdmaContext *context,
      |                                               ^
/home/apa222/dex-partial/CHIME/include/Rdma.h:82:48: error: ‘cq’ was not declared in this scope
   82 | bool createDCTarget(ibv_exp_dct **dct, ibv_cq *cq, RdmaContext *context,
      |                                                ^~
/home/apa222/dex-partial/CHIME/include/Rdma.h:82:64: error: expected primary-expression before ‘*’ token
   82 | bool createDCTarget(ibv_exp_dct **dct, ibv_cq *cq, RdmaContext *context,
      |                                                                ^
/home/apa222/dex-partial/CHIME/include/Rdma.h:82:48: error: ‘cq’ was not declared in this scope
   82 | bool createDCTarget(ibv_exp_dct **dct, ibv_cq *cq, RdmaContext *context,
      |                                                ^~
/home/apa222/dex-partial/CHIME/include/Rdma.h:82:64: error: expected primary-expression before ‘*’ token
   82 | bool createDCTarget(ibv_exp_dct **dct, ibv_cq *cq, RdmaContext *context,
      |                                                                ^
/home/apa222/dex-partial/CHIME/include/Rdma.h:82:65: error: ‘context’ was not declared in this scope
   82 | bool createDCTarget(ibv_exp_dct **dct, ibv_cq *cq, RdmaContext *context,
      |                                                                 ^~~~~~~
/home/apa222/dex-partial/CHIME/include/Rdma.h:83:30: error: expected primary-expression before ‘qpsMaxDepth’
   83 |                     uint32_t qpsMaxDepth = kQPMaxDepth, uint32_t maxInlineData = kInlineDataMax);
      |                              ^~~~~~~~~~~
/home/apa222/dex-partial/CHIME/include/Rdma.h:83:66: error: expected primary-expression before ‘maxInlineData’
   83 |                     uint32_t qpsMaxDepth = kQPMaxDepth, uint32_t maxInlineData = kInlineDataMax);
      |                                                                  ^~~~~~~~~~~~~
/home/apa222/dex-partial/CHIME/include/Rdma.h:83:96: error: expression list treated as compound expression in initializer [-fpermissive]
   83 |                     uint32_t qpsMaxDepth = kQPMaxDepth, uint32_t maxInlineData = kInlineDataMax);
      |                                                                                                ^
/home/apa222/dex-partial/CHIME/include/Rdma.h:82:65: error: ‘context’ was not declared in this scope
   82 | bool createDCTarget(ibv_exp_dct **dct, ibv_cq *cq, RdmaContext *context,
      |                                                                 ^~~~~~~
/home/apa222/dex-partial/CHIME/include/Rdma.h:83:30: error: expected primary-expression before ‘qpsMaxDepth’
   83 |                     uint32_t qpsMaxDepth = kQPMaxDepth, uint32_t maxInlineData = kInlineDataMax);
      |                              ^~~~~~~~~~~
/home/apa222/dex-partial/CHIME/include/Rdma.h:83:66: error: expected primary-expression before ‘maxInlineData’
   83 |                     uint32_t qpsMaxDepth = kQPMaxDepth, uint32_t maxInlineData = kInlineDataMax);
      |                                                                  ^~~~~~~~~~~~~
/home/apa222/dex-partial/CHIME/include/Rdma.h:83:96: error: expression list treated as compound expression in initializer [-fpermissive]
   83 |                     uint32_t qpsMaxDepth = kQPMaxDepth, uint32_t maxInlineData = kInlineDataMax);
      |                                                                                                ^
/home/apa222/dex-partial/CHIME/src/rdma/Resource.cpp: In function ‘ibv_mr* createMemoryRegionOnChip(uint64_t, uint64_t, RdmaContext*)’:
/home/apa222/dex-partial/CHIME/src/rdma/Resource.cpp:145:32: error: aggregate ‘createMemoryRegionOnChip(uint64_t, uint64_t, RdmaContext*)::ibv_exp_alloc_dm_attr dm_attr’ has incomplete type and cannot be defined
  145 |   struct ibv_exp_alloc_dm_attr dm_attr;
      |                                ^~~~~~~
In file included from /home/apa222/dex-partial/CHIME/src/rdma/StateTrans.cpp:1:
/home/apa222/dex-partial/CHIME/include/Rdma.h:82:21: error: ‘ibv_exp_dct’ was not declared in this scope
   82 | bool createDCTarget(ibv_exp_dct **dct, ibv_cq *cq, RdmaContext *context,
      |                     ^~~~~~~~~~~
/home/apa222/dex-partial/CHIME/src/rdma/Resource.cpp:148:27: error: ‘ibv_exp_alloc_dm’ was not declared in this scope; did you mean ‘ibv_alloc_dm’?
  148 |   struct ibv_exp_dm *dm = ibv_exp_alloc_dm(ctx->ctx, &dm_attr);
      |                           ^~~~~~~~~~~~~~~~
      |                           ibv_alloc_dm
/home/apa222/dex-partial/CHIME/src/rdma/Resource.cpp:155:28: error: aggregate ‘createMemoryRegionOnChip(uint64_t, uint64_t, RdmaContext*)::ibv_exp_reg_mr_in mr_in’ has incomplete type and cannot be defined
  155 |   struct ibv_exp_reg_mr_in mr_in;
      |                            ^~~~~
/home/apa222/dex-partial/CHIME/include/Rdma.h:82:35: error: ‘dct’ was not declared in this scope
   82 | bool createDCTarget(ibv_exp_dct **dct, ibv_cq *cq, RdmaContext *context,
      |                                   ^~~
/home/apa222/dex-partial/CHIME/include/Rdma.h:82:47: error: expected primary-expression before ‘*’ token
   82 | bool createDCTarget(ibv_exp_dct **dct, ibv_cq *cq, RdmaContext *context,
      |                                               ^
In file included from /home/apa222/dex-partial/CHIME/src/rdma/Utility.cpp:1:
/home/apa222/dex-partial/CHIME/include/Rdma.h:82:21: error: ‘ibv_exp_dct’ was not declared in this scope
   82 | bool createDCTarget(ibv_exp_dct **dct, ibv_cq *cq, RdmaContext *context,
      |                     ^~~~~~~~~~~
/home/apa222/dex-partial/CHIME/include/Rdma.h:82:48: error: ‘cq’ was not declared in this scope
   82 | bool createDCTarget(ibv_exp_dct **dct, ibv_cq *cq, RdmaContext *context,
      |                                                ^~
/home/apa222/dex-partial/CHIME/include/Rdma.h:82:64: error: expected primary-expression before ‘*’ token
   82 | bool createDCTarget(ibv_exp_dct **dct, ibv_cq *cq, RdmaContext *context,
      |                                                                ^
/home/apa222/dex-partial/CHIME/include/Rdma.h:82:35: error: ‘dct’ was not declared in this scope
   82 | bool createDCTarget(ibv_exp_dct **dct, ibv_cq *cq, RdmaContext *context,
      |                                   ^~~
/home/apa222/dex-partial/CHIME/include/Rdma.h:82:47: error: expected primary-expression before ‘*’ token
   82 | bool createDCTarget(ibv_exp_dct **dct, ibv_cq *cq, RdmaContext *context,
      |                                               ^
/home/apa222/dex-partial/CHIME/src/rdma/Resource.cpp:162:21: error: ‘IBV_EXP_REG_MR_DM’ was not declared in this scope
  162 |   mr_in.comp_mask = IBV_EXP_REG_MR_DM;
      |                     ^~~~~~~~~~~~~~~~~
/home/apa222/dex-partial/CHIME/include/Rdma.h:82:65: error: ‘context’ was not declared in this scope
   82 | bool createDCTarget(ibv_exp_dct **dct, ibv_cq *cq, RdmaContext *context,
      |                                                                 ^~~~~~~
/home/apa222/dex-partial/CHIME/include/Rdma.h:83:30: error: expected primary-expression before ‘qpsMaxDepth’
   83 |                     uint32_t qpsMaxDepth = kQPMaxDepth, uint32_t maxInlineData = kInlineDataMax);
      |                              ^~~~~~~~~~~
/home/apa222/dex-partial/CHIME/include/Rdma.h:83:66: error: expected primary-expression before ‘maxInlineData’
   83 |                     uint32_t qpsMaxDepth = kQPMaxDepth, uint32_t maxInlineData = kInlineDataMax);
      |                                                                  ^~~~~~~~~~~~~
/home/apa222/dex-partial/CHIME/include/Rdma.h:83:96: error: expression list treated as compound expression in initializer [-fpermissive]
   83 |                     uint32_t qpsMaxDepth = kQPMaxDepth, uint32_t maxInlineData = kInlineDataMax);
      |                                                                                                ^
/home/apa222/dex-partial/CHIME/include/Rdma.h:82:48: error: ‘cq’ was not declared in this scope
   82 | bool createDCTarget(ibv_exp_dct **dct, ibv_cq *cq, RdmaContext *context,
      |                                                ^~
/home/apa222/dex-partial/CHIME/include/Rdma.h:82:64: error: expected primary-expression before ‘*’ token
   82 | bool createDCTarget(ibv_exp_dct **dct, ibv_cq *cq, RdmaContext *context,
      |                                                                ^
/home/apa222/dex-partial/CHIME/src/rdma/Resource.cpp:163:23: error: ‘ibv_exp_reg_mr’ was not declared in this scope; did you mean ‘ibv_exp_reg_mr_in’?
  163 |   struct ibv_mr *mr = ibv_exp_reg_mr(&mr_in);
      |                       ^~~~~~~~~~~~~~
      |                       ibv_exp_reg_mr_in
/home/apa222/dex-partial/CHIME/src/rdma/Resource.cpp:173:33: error: aggregate ‘createMemoryRegionOnChip(uint64_t, uint64_t, RdmaContext*)::ibv_exp_memcpy_dm_attr cpy_attr’ has incomplete type and cannot be defined
  173 |   struct ibv_exp_memcpy_dm_attr cpy_attr;
      |                                 ^~~~~~~~
/home/apa222/dex-partial/CHIME/include/Rdma.h:82:65: error: ‘context’ was not declared in this scope
   82 | bool createDCTarget(ibv_exp_dct **dct, ibv_cq *cq, RdmaContext *context,
      |                                                                 ^~~~~~~
/home/apa222/dex-partial/CHIME/include/Rdma.h:83:30: error: expected primary-expression before ‘qpsMaxDepth’
   83 |                     uint32_t qpsMaxDepth = kQPMaxDepth, uint32_t maxInlineData = kInlineDataMax);
      |                              ^~~~~~~~~~~
/home/apa222/dex-partial/CHIME/include/Rdma.h:83:66: error: expected primary-expression before ‘maxInlineData’
   83 |                     uint32_t qpsMaxDepth = kQPMaxDepth, uint32_t maxInlineData = kInlineDataMax);
      |                                                                  ^~~~~~~~~~~~~
/home/apa222/dex-partial/CHIME/include/Rdma.h:83:96: error: expression list treated as compound expression in initializer [-fpermissive]
   83 |                     uint32_t qpsMaxDepth = kQPMaxDepth, uint32_t maxInlineData = kInlineDataMax);
      |                                                                                                ^
/home/apa222/dex-partial/CHIME/src/rdma/Utility.cpp: In function ‘void checkDMSupported(ibv_context*)’:
/home/apa222/dex-partial/CHIME/src/rdma/Utility.cpp:38:30: error: aggregate ‘checkDMSupported(ibv_context*)::ibv_exp_device_attr attrs’ has incomplete type and cannot be defined
   38 |   struct ibv_exp_device_attr attrs;
      |                              ^~~~~
/home/apa222/dex-partial/CHIME/src/rdma/StateTrans.cpp: In function ‘bool modifyQPtoInit(ibv_qp*, RdmaContext*)’:
/home/apa222/dex-partial/CHIME/src/rdma/StateTrans.cpp:24:14: error: ‘IBV_EXP_QPT_DC_INI’ was not declared in this scope
   24 |         case IBV_EXP_QPT_DC_INI:
      |              ^~~~~~~~~~~~~~~~~~
/home/apa222/dex-partial/CHIME/src/rdma/StateTrans.cpp: In function ‘bool modifyDCtoRTS(ibv_qp*, uint16_t, uint8_t*, RdmaContext*)’:
/home/apa222/dex-partial/CHIME/src/rdma/StateTrans.cpp:147:28: error: aggregate ‘modifyDCtoRTS(ibv_qp*, uint16_t, uint8_t*, RdmaContext*)::ibv_exp_qp_attr attr’ has incomplete type and cannot be defined
  147 |     struct ibv_exp_qp_attr attr;
      |                            ^~~~
/home/apa222/dex-partial/CHIME/src/rdma/Resource.cpp:175:25: error: ‘IBV_EXP_DM_CPY_TO_DEVICE’ was not declared in this scope
  175 |   cpy_attr.memcpy_dir = IBV_EXP_DM_CPY_TO_DEVICE;
      |                         ^~~~~~~~~~~~~~~~~~~~~~~~
/home/apa222/dex-partial/CHIME/src/rdma/Utility.cpp:40:21: error: ‘IBV_EXP_DEVICE_ATTR_UMR’ was not declared in this scope
   40 |   attrs.comp_mask = IBV_EXP_DEVICE_ATTR_UMR;
      |                     ^~~~~~~~~~~~~~~~~~~~~~~
/home/apa222/dex-partial/CHIME/src/rdma/StateTrans.cpp:156:38: error: ‘IBV_EXP_QP_STATE’ was not declared in this scope; did you mean ‘IBV_QP_STATE’?
  156 |     if (ibv_exp_modify_qp(qp, &attr, IBV_EXP_QP_STATE | IBV_EXP_QP_PKEY_INDEX |
      |                                      ^~~~~~~~~~~~~~~~
      |                                      IBV_QP_STATE
/home/apa222/dex-partial/CHIME/src/rdma/Resource.cpp:179:3: error: ‘ibv_exp_memcpy_dm’ was not declared in this scope; did you mean ‘ibv_exp_memcpy_dm_attr’?
  179 |   ibv_exp_memcpy_dm(dm, &cpy_attr);
      |   ^~~~~~~~~~~~~~~~~
      |   ibv_exp_memcpy_dm_attr
/home/apa222/dex-partial/CHIME/src/rdma/Resource.cpp: In function ‘bool createQueuePair(ibv_qp**, ibv_qp_type, ibv_cq*, ibv_cq*, RdmaContext*, uint32_t, uint32_t)’:
/home/apa222/dex-partial/CHIME/src/rdma/Resource.cpp:190:31: error: aggregate ‘createQueuePair(ibv_qp**, ibv_qp_type, ibv_cq*, ibv_cq*, RdmaContext*, uint32_t, uint32_t)::ibv_exp_qp_init_attr attr’ has incomplete type and cannot be defined
  190 |   struct ibv_exp_qp_init_attr attr;
      |                               ^~~~
/home/apa222/dex-partial/CHIME/src/rdma/Utility.cpp:41:22: error: ‘IBV_EXP_DEVICE_ATTR_MAX_DM_SIZE’ was not declared in this scope
   41 |   attrs.comp_mask |= IBV_EXP_DEVICE_ATTR_MAX_DM_SIZE;
      |                      ^~~~~~~~~~~~~~~~~~~~~~~~~~~~~~~
/home/apa222/dex-partial/CHIME/src/rdma/StateTrans.cpp:156:57: error: ‘IBV_EXP_QP_PKEY_INDEX’ was not declared in this scope; did you mean ‘IBV_QP_PKEY_INDEX’?
  156 |     if (ibv_exp_modify_qp(qp, &attr, IBV_EXP_QP_STATE | IBV_EXP_QP_PKEY_INDEX |
      |                                                         ^~~~~~~~~~~~~~~~~~~~~
      |                                                         IBV_QP_PKEY_INDEX
/home/apa222/dex-partial/CHIME/src/rdma/Operation.cpp:73:43: error: ‘ibv_exp_send_wr’ has not been declared
   73 | static inline void fillSgeWr(ibv_sge &sg, ibv_exp_send_wr &wr, uint64_t source,
      |                                           ^~~~~~~~~~~~~~~
/home/apa222/dex-partial/CHIME/src/rdma/Resource.cpp:200:22: error: ‘IBV_EXP_QP_INIT_ATTR_CREATE_FLAGS’ was not declared in this scope; did you mean ‘IBV_QP_INIT_ATTR_CREATE_FLAGS’?
  200 |     attr.comp_mask = IBV_EXP_QP_INIT_ATTR_CREATE_FLAGS |
      |                      ^~~~~~~~~~~~~~~~~~~~~~~~~~~~~~~~~
      |                      IBV_QP_INIT_ATTR_CREATE_FLAGS
/home/apa222/dex-partial/CHIME/src/rdma/Operation.cpp: In function ‘void fillSgeWr(ibv_sge&, int&, uint64_t, uint64_t, uint32_t)’:
/home/apa222/dex-partial/CHIME/src/rdma/Operation.cpp:81:6: error: request for member ‘wr_id’ in ‘wr’, which is of non-class type ‘int’
   81 |   wr.wr_id = 0;
      |      ^~~~~
/home/apa222/dex-partial/CHIME/src/rdma/Operation.cpp:82:6: error: request for member ‘sg_list’ in ‘wr’, which is of non-class type ‘int’
   82 |   wr.sg_list = &sg;
      |      ^~~~~~~
/home/apa222/dex-partial/CHIME/src/rdma/Operation.cpp:83:6: error: request for member ‘num_sge’ in ‘wr’, which is of non-class type ‘int’
   83 |   wr.num_sge = 1;
      |      ^~~~~~~
/home/apa222/dex-partial/CHIME/src/rdma/Operation.cpp: In function ‘bool rdmaFetchAndAddBoundary(ibv_qp*, uint64_t, uint64_t, uint64_t, uint32_t, uint32_t, uint64_t, bool, uint64_t)’:
/home/apa222/dex-partial/CHIME/src/rdma/Operation.cpp:263:26: error: aggregate ‘rdmaFetchAndAddBoundary(ibv_qp*, uint64_t, uint64_t, uint64_t, uint32_t, uint32_t, uint64_t, bool, uint64_t)::ibv_exp_send_wr wr’ has incomplete type and cannot be defined
  263 |   struct ibv_exp_send_wr wr;
      |                          ^~
/home/apa222/dex-partial/CHIME/src/rdma/StateTrans.cpp:157:42: error: ‘IBV_EXP_QP_PORT’ was not declared in this scope; did you mean ‘IBV_QP_PORT’?
  157 |                                          IBV_EXP_QP_PORT | IBV_EXP_QP_DC_KEY)) {
      |                                          ^~~~~~~~~~~~~~~
      |                                          IBV_QP_PORT
/home/apa222/dex-partial/CHIME/src/rdma/Utility.cpp:43:7: error: ‘ibv_exp_query_device’ was not declared in this scope; did you mean ‘ibv_query_device’?
   43 |   if (ibv_exp_query_device(ctx, &attrs)) {
      |       ^~~~~~~~~~~~~~~~~~~~
      |       ibv_query_device
/home/apa222/dex-partial/CHIME/src/rdma/Resource.cpp:201:22: error: ‘IBV_EXP_QP_INIT_ATTR_PD’ was not declared in this scope; did you mean ‘IBV_QP_INIT_ATTR_PD’?
  201 |                      IBV_EXP_QP_INIT_ATTR_PD | IBV_EXP_QP_INIT_ATTR_ATOMICS_ARG;
      |                      ^~~~~~~~~~~~~~~~~~~~~~~
      |                      IBV_QP_INIT_ATTR_PD
/home/apa222/dex-partial/CHIME/src/rdma/StateTrans.cpp:157:60: error: ‘IBV_EXP_QP_DC_KEY’ was not declared in this scope
  157 |                                          IBV_EXP_QP_PORT | IBV_EXP_QP_DC_KEY)) {
      |                                                            ^~~~~~~~~~~~~~~~~
/home/apa222/dex-partial/CHIME/src/rdma/Operation.cpp:268:19: error: ‘IBV_EXP_WR_EXT_MASKED_ATOMIC_FETCH_AND_ADD’ was not declared in this scope; did you mean ‘IB_UVERBS_WR_MASKED_ATOMIC_FETCH_AND_ADD’?
  268 |   wr.exp_opcode = IBV_EXP_WR_EXT_MASKED_ATOMIC_FETCH_AND_ADD;
      |                   ^~~~~~~~~~~~~~~~~~~~~~~~~~~~~~~~~~~~~~~~~~
      |                   IB_UVERBS_WR_MASKED_ATOMIC_FETCH_AND_ADD
/home/apa222/dex-partial/CHIME/src/rdma/StateTrans.cpp:156:9: error: ‘ibv_exp_modify_qp’ was not declared in this scope; did you mean ‘ibv_modify_qp’?
  156 |     if (ibv_exp_modify_qp(qp, &attr, IBV_EXP_QP_STATE | IBV_EXP_QP_PKEY_INDEX |
      |         ^~~~~~~~~~~~~~~~~
      |         ibv_modify_qp
/home/apa222/dex-partial/CHIME/src/rdma/Resource.cpp:201:48: error: ‘IBV_EXP_QP_INIT_ATTR_ATOMICS_ARG’ was not declared in this scope
  201 |                      IBV_EXP_QP_INIT_ATTR_PD | IBV_EXP_QP_INIT_ATTR_ATOMICS_ARG;
      |                                                ^~~~~~~~~~~~~~~~~~~~~~~~~~~~~~~~
/home/apa222/dex-partial/CHIME/src/rdma/StateTrans.cpp:166:38: error: ‘IBV_EXP_QP_STATE’ was not declared in this scope; did you mean ‘IBV_QP_STATE’?
  166 |     if (ibv_exp_modify_qp(qp, &attr, IBV_EXP_QP_STATE | IBV_EXP_QP_PATH_MTU |
      |                                      ^~~~~~~~~~~~~~~~
      |                                      IBV_QP_STATE
/home/apa222/dex-partial/CHIME/src/rdma/Operation.cpp:269:23: error: ‘IBV_EXP_SEND_EXT_ATOMIC_INLINE’ was not declared in this scope
  269 |   wr.exp_send_flags = IBV_EXP_SEND_EXT_ATOMIC_INLINE;
      |                       ^~~~~~~~~~~~~~~~~~~~~~~~~~~~~~
/home/apa222/dex-partial/CHIME/src/rdma/Resource.cpp:204:22: error: ‘IBV_EXP_QP_INIT_ATTR_PD’ was not declared in this scope; did you mean ‘IBV_QP_INIT_ATTR_PD’?
  204 |     attr.comp_mask = IBV_EXP_QP_INIT_ATTR_PD;
      |                      ^~~~~~~~~~~~~~~~~~~~~~~
      |                      IBV_QP_INIT_ATTR_PD
/home/apa222/dex-partial/CHIME/src/rdma/StateTrans.cpp:166:57: error: ‘IBV_EXP_QP_PATH_MTU’ was not declared in this scope; did you mean ‘IBV_QP_PATH_MTU’?
  166 |     if (ibv_exp_modify_qp(qp, &attr, IBV_EXP_QP_STATE | IBV_EXP_QP_PATH_MTU |
      |                                                         ^~~~~~~~~~~~~~~~~~~
      |                                                         IBV_QP_PATH_MTU
/home/apa222/dex-partial/CHIME/src/rdma/Resource.cpp:213:9: error: ‘ibv_exp_create_qp’ was not declared in this scope; did you mean ‘ibv_create_qp’?
  213 |   *qp = ibv_exp_create_qp(context->ctx, &attr);
      |         ^~~~~~~~~~~~~~~~~
      |         ibv_create_qp
/home/apa222/dex-partial/CHIME/src/rdma/Resource.cpp: At global scope:
/home/apa222/dex-partial/CHIME/src/rdma/Resource.cpp:230:6: error: redefinition of ‘bool createDCTarget’
  230 | bool createDCTarget(ibv_exp_dct **dct, ibv_cq *cq, RdmaContext *context,
      |      ^~~~~~~~~~~~~~
/home/apa222/dex-partial/CHIME/include/Rdma.h:82:6: note: ‘bool createDCTarget’ previously defined here
   82 | bool createDCTarget(ibv_exp_dct **dct, ibv_cq *cq, RdmaContext *context,
      |      ^~~~~~~~~~~~~~
/home/apa222/dex-partial/CHIME/src/rdma/Operation.cpp:273:26: error: ‘IBV_EXP_SEND_SIGNALED’ was not declared in this scope; did you mean ‘IBV_SEND_SIGNALED’?
  273 |     wr.exp_send_flags |= IBV_EXP_SEND_SIGNALED;
      |                          ^~~~~~~~~~~~~~~~~~~~~
      |                          IBV_SEND_SIGNALED
/home/apa222/dex-partial/CHIME/src/rdma/StateTrans.cpp:167:42: error: ‘IBV_EXP_QP_AV’ was not declared in this scope; did you mean ‘IBV_QP_AV’?
  167 |                                          IBV_EXP_QP_AV)) {
      |                                          ^~~~~~~~~~~~~
      |                                          IBV_QP_AV
/home/apa222/dex-partial/CHIME/src/rdma/Resource.cpp:230:21: error: ‘ibv_exp_dct’ was not declared in this scope
  230 | bool createDCTarget(ibv_exp_dct **dct, ibv_cq *cq, RdmaContext *context,
      |                     ^~~~~~~~~~~
/home/apa222/dex-partial/CHIME/src/rdma/Operation.cpp:284:7: error: ‘ibv_exp_post_send’ was not declared in this scope; did you mean ‘ibv_post_send’?
  284 |   if (ibv_exp_post_send(qp, &wr, &wrBad)) {
      |       ^~~~~~~~~~~~~~~~~
      |       ibv_post_send
/home/apa222/dex-partial/CHIME/src/rdma/Resource.cpp:230:35: error: ‘dct’ was not declared in this scope
  230 | bool createDCTarget(ibv_exp_dct **dct, ibv_cq *cq, RdmaContext *context,
      |                                   ^~~
/home/apa222/dex-partial/CHIME/src/rdma/Resource.cpp:230:47: error: expected primary-expression before ‘*’ token
  230 | bool createDCTarget(ibv_exp_dct **dct, ibv_cq *cq, RdmaContext *context,
      |                                               ^
/home/apa222/dex-partial/CHIME/src/rdma/Operation.cpp: In function ‘bool rdmaCompareAndSwapMask(ibv_qp*, uint64_t, uint64_t, uint64_t, uint64_t, uint32_t, uint32_t, uint64_t, uint64_t, bool, uint64_t)’:
/home/apa222/dex-partial/CHIME/src/rdma/Operation.cpp:326:26: error: aggregate ‘rdmaCompareAndSwapMask(ibv_qp*, uint64_t, uint64_t, uint64_t, uint64_t, uint32_t, uint32_t, uint64_t, uint64_t, bool, uint64_t)::ibv_exp_send_wr wr’ has incomplete type and cannot be defined
  326 |   struct ibv_exp_send_wr wr;
      |                          ^~
/home/apa222/dex-partial/CHIME/src/rdma/StateTrans.cpp:166:9: error: ‘ibv_exp_modify_qp’ was not declared in this scope; did you mean ‘ibv_modify_qp’?
  166 |     if (ibv_exp_modify_qp(qp, &attr, IBV_EXP_QP_STATE | IBV_EXP_QP_PATH_MTU |
      |         ^~~~~~~~~~~~~~~~~
      |         ibv_modify_qp
/home/apa222/dex-partial/CHIME/src/rdma/Resource.cpp:230:48: error: ‘cq’ was not declared in this scope
  230 | bool createDCTarget(ibv_exp_dct **dct, ibv_cq *cq, RdmaContext *context,
      |                                                ^~
/home/apa222/dex-partial/CHIME/src/rdma/Resource.cpp:230:64: error: expected primary-expression before ‘*’ token
  230 | bool createDCTarget(ibv_exp_dct **dct, ibv_cq *cq, RdmaContext *context,
      |                                                                ^
/home/apa222/dex-partial/CHIME/src/rdma/Resource.cpp:230:65: error: ‘context’ was not declared in this scope
  230 | bool createDCTarget(ibv_exp_dct **dct, ibv_cq *cq, RdmaContext *context,
      |                                                                 ^~~~~~~
/home/apa222/dex-partial/CHIME/src/rdma/Resource.cpp:231:30: error: expected primary-expression before ‘qpsMaxDepth’
  231 |                     uint32_t qpsMaxDepth, uint32_t maxInlineData) {
      |                              ^~~~~~~~~~~
/home/apa222/dex-partial/CHIME/src/rdma/Resource.cpp:231:52: error: expected primary-expression before ‘maxInlineData’
  231 |                     uint32_t qpsMaxDepth, uint32_t maxInlineData) {
      |                                                    ^~~~~~~~~~~~~
/home/apa222/dex-partial/CHIME/src/rdma/StateTrans.cpp:177:38: error: ‘IBV_EXP_QP_STATE’ was not declared in this scope; did you mean ‘IBV_QP_STATE’?
  177 |     if (ibv_exp_modify_qp(qp, &attr, IBV_EXP_QP_STATE | IBV_EXP_QP_TIMEOUT |
      |                                      ^~~~~~~~~~~~~~~~
      |                                      IBV_QP_STATE
/home/apa222/dex-partial/CHIME/src/rdma/Operation.cpp:331:19: error: ‘IBV_EXP_WR_EXT_MASKED_ATOMIC_CMP_AND_SWP’ was not declared in this scope; did you mean ‘IB_UVERBS_WR_MASKED_ATOMIC_CMP_AND_SWP’?
  331 |   wr.exp_opcode = IBV_EXP_WR_EXT_MASKED_ATOMIC_CMP_AND_SWP;
      |                   ^~~~~~~~~~~~~~~~~~~~~~~~~~~~~~~~~~~~~~~~
      |                   IB_UVERBS_WR_MASKED_ATOMIC_CMP_AND_SWP
/home/apa222/dex-partial/CHIME/src/rdma/StateTrans.cpp:177:57: error: ‘IBV_EXP_QP_TIMEOUT’ was not declared in this scope; did you mean ‘IBV_QP_TIMEOUT’?
  177 |     if (ibv_exp_modify_qp(qp, &attr, IBV_EXP_QP_STATE | IBV_EXP_QP_TIMEOUT |
      |                                                         ^~~~~~~~~~~~~~~~~~
      |                                                         IBV_QP_TIMEOUT
/home/apa222/dex-partial/CHIME/src/rdma/Operation.cpp:332:23: error: ‘IBV_EXP_SEND_EXT_ATOMIC_INLINE’ was not declared in this scope
  332 |   wr.exp_send_flags = IBV_EXP_SEND_EXT_ATOMIC_INLINE;
      |                       ^~~~~~~~~~~~~~~~~~~~~~~~~~~~~~
/home/apa222/dex-partial/CHIME/src/rdma/StateTrans.cpp:178:42: error: ‘IBV_EXP_QP_RETRY_CNT’ was not declared in this scope; did you mean ‘IBV_QP_RETRY_CNT’?
  178 |                                          IBV_EXP_QP_RETRY_CNT |
      |                                          ^~~~~~~~~~~~~~~~~~~~
      |                                          IBV_QP_RETRY_CNT
make[3]: *** [CMakeFiles/CHIME.dir/build.make:286: CMakeFiles/CHIME.dir/src/rdma/Utility.cpp.o] Error 1
make[3]: *** Waiting for unfinished jobs....
/home/apa222/dex-partial/CHIME/src/rdma/StateTrans.cpp:179:42: error: ‘IBV_EXP_QP_RNR_RETRY’ was not declared in this scope; did you mean ‘IBV_QP_RNR_RETRY’?
  179 |                                          IBV_EXP_QP_RNR_RETRY |
      |                                          ^~~~~~~~~~~~~~~~~~~~
      |                                          IBV_QP_RNR_RETRY
/home/apa222/dex-partial/CHIME/src/rdma/Operation.cpp:335:26: error: ‘IBV_EXP_SEND_SIGNALED’ was not declared in this scope; did you mean ‘IBV_SEND_SIGNALED’?
  335 |     wr.exp_send_flags |= IBV_EXP_SEND_SIGNALED;
      |                          ^~~~~~~~~~~~~~~~~~~~~
      |                          IBV_SEND_SIGNALED
/home/apa222/dex-partial/CHIME/src/rdma/Operation.cpp:350:7: error: ‘ibv_exp_post_send’ was not declared in this scope; did you mean ‘ibv_post_send’?
  350 |   if (ibv_exp_post_send(qp, &wr, &wrBad)) {
      |       ^~~~~~~~~~~~~~~~~
      |       ibv_post_send
/home/apa222/dex-partial/CHIME/src/rdma/StateTrans.cpp:180:42: error: ‘IBV_EXP_QP_MAX_QP_RD_ATOMIC’ was not declared in this scope; did you mean ‘IBV_QP_MAX_QP_RD_ATOMIC’?
  180 |                                          IBV_EXP_QP_MAX_QP_RD_ATOMIC)) {
      |                                          ^~~~~~~~~~~~~~~~~~~~~~~~~~~
      |                                          IBV_QP_MAX_QP_RD_ATOMIC
/home/apa222/dex-partial/CHIME/src/rdma/StateTrans.cpp:177:9: error: ‘ibv_exp_modify_qp’ was not declared in this scope; did you mean ‘ibv_modify_qp’?
  177 |     if (ibv_exp_modify_qp(qp, &attr, IBV_EXP_QP_STATE | IBV_EXP_QP_TIMEOUT |
      |         ^~~~~~~~~~~~~~~~~
      |         ibv_modify_qp
make[3]: *** [CMakeFiles/CHIME.dir/build.make:258: CMakeFiles/CHIME.dir/src/rdma/Resource.cpp.o] Error 1
make[3]: *** [CMakeFiles/CHIME.dir/build.make:272: CMakeFiles/CHIME.dir/src/rdma/StateTrans.cpp.o] Error 1
make[3]: *** [CMakeFiles/CHIME.dir/build.make:244: CMakeFiles/CHIME.dir/src/rdma/Operation.cpp.o] Error 1
In file included from /home/apa222/dex-partial/CHIME/include/Common.h:16,
                 from /home/apa222/dex-partial/CHIME/include/Config.h:4,
                 from /home/apa222/dex-partial/CHIME/include/RdmaCache.h:4,
                 from /home/apa222/dex-partial/CHIME/src/RdmaCache.cpp:1:
/home/apa222/dex-partial/CHIME/include/Rdma.h:82:21: error: ‘ibv_exp_dct’ was not declared in this scope
   82 | bool createDCTarget(ibv_exp_dct **dct, ibv_cq *cq, RdmaContext *context,
      |                     ^~~~~~~~~~~
/home/apa222/dex-partial/CHIME/include/Rdma.h:82:35: error: ‘dct’ was not declared in this scope
   82 | bool createDCTarget(ibv_exp_dct **dct, ibv_cq *cq, RdmaContext *context,
      |                                   ^~~
/home/apa222/dex-partial/CHIME/include/Rdma.h:82:47: error: expected primary-expression before ‘*’ token
   82 | bool createDCTarget(ibv_exp_dct **dct, ibv_cq *cq, RdmaContext *context,
      |                                               ^
In file included from /home/apa222/dex-partial/CHIME/include/Common.h:16,
                 from /home/apa222/dex-partial/CHIME/include/AbstractMessageConnection.h:4,
                 from /home/apa222/dex-partial/CHIME/include/RawMessageConnection.h:4,
                 from /home/apa222/dex-partial/CHIME/src/RawMessageConnection.cpp:1:
/home/apa222/dex-partial/CHIME/include/Rdma.h:82:21: error: ‘ibv_exp_dct’ was not declared in this scope
   82 | bool createDCTarget(ibv_exp_dct **dct, ibv_cq *cq, RdmaContext *context,
      |                     ^~~~~~~~~~~
/home/apa222/dex-partial/CHIME/include/Rdma.h:82:48: error: ‘cq’ was not declared in this scope
   82 | bool createDCTarget(ibv_exp_dct **dct, ibv_cq *cq, RdmaContext *context,
      |                                                ^~
/home/apa222/dex-partial/CHIME/include/Rdma.h:82:64: error: expected primary-expression before ‘*’ token
   82 | bool createDCTarget(ibv_exp_dct **dct, ibv_cq *cq, RdmaContext *context,
      |                                                                ^
/home/apa222/dex-partial/CHIME/include/Rdma.h:82:35: error: ‘dct’ was not declared in this scope
   82 | bool createDCTarget(ibv_exp_dct **dct, ibv_cq *cq, RdmaContext *context,
      |                                   ^~~
/home/apa222/dex-partial/CHIME/include/Rdma.h:82:47: error: expected primary-expression before ‘*’ token
   82 | bool createDCTarget(ibv_exp_dct **dct, ibv_cq *cq, RdmaContext *context,
      |                                               ^
/home/apa222/dex-partial/CHIME/include/Rdma.h:82:48: error: ‘cq’ was not declared in this scope
   82 | bool createDCTarget(ibv_exp_dct **dct, ibv_cq *cq, RdmaContext *context,
      |                                                ^~
/home/apa222/dex-partial/CHIME/include/Rdma.h:82:65: error: ‘context’ was not declared in this scope
   82 | bool createDCTarget(ibv_exp_dct **dct, ibv_cq *cq, RdmaContext *context,
      |                                                                 ^~~~~~~
/home/apa222/dex-partial/CHIME/include/Rdma.h:82:64: error: expected primary-expression before ‘*’ token
   82 | bool createDCTarget(ibv_exp_dct **dct, ibv_cq *cq, RdmaContext *context,
      |                                                                ^
/home/apa222/dex-partial/CHIME/include/Rdma.h:83:30: error: expected primary-expression before ‘qpsMaxDepth’
   83 |                     uint32_t qpsMaxDepth = kQPMaxDepth, uint32_t maxInlineData = kInlineDataMax);
      |                              ^~~~~~~~~~~
/home/apa222/dex-partial/CHIME/include/Rdma.h:83:66: error: expected primary-expression before ‘maxInlineData’
   83 |                     uint32_t qpsMaxDepth = kQPMaxDepth, uint32_t maxInlineData = kInlineDataMax);
      |                                                                  ^~~~~~~~~~~~~
/home/apa222/dex-partial/CHIME/include/Rdma.h:83:96: error: expression list treated as compound expression in initializer [-fpermissive]
   83 |                     uint32_t qpsMaxDepth = kQPMaxDepth, uint32_t maxInlineData = kInlineDataMax);
      |                                                                                                ^
/home/apa222/dex-partial/CHIME/include/Rdma.h:82:65: error: ‘context’ was not declared in this scope
   82 | bool createDCTarget(ibv_exp_dct **dct, ibv_cq *cq, RdmaContext *context,
      |                                                                 ^~~~~~~
/home/apa222/dex-partial/CHIME/include/Rdma.h:83:30: error: expected primary-expression before ‘qpsMaxDepth’
   83 |                     uint32_t qpsMaxDepth = kQPMaxDepth, uint32_t maxInlineData = kInlineDataMax);
      |                              ^~~~~~~~~~~
/home/apa222/dex-partial/CHIME/include/Rdma.h:83:66: error: expected primary-expression before ‘maxInlineData’
   83 |                     uint32_t qpsMaxDepth = kQPMaxDepth, uint32_t maxInlineData = kInlineDataMax);
      |                                                                  ^~~~~~~~~~~~~
/home/apa222/dex-partial/CHIME/include/Rdma.h:83:96: error: expression list treated as compound expression in initializer [-fpermissive]
   83 |                     uint32_t qpsMaxDepth = kQPMaxDepth, uint32_t maxInlineData = kInlineDataMax);
      |                                                                                                ^
In file included from /home/apa222/dex-partial/CHIME/include/Common.h:16,
                 from /home/apa222/dex-partial/CHIME/include/DirectoryConnection.h:4,
                 from /home/apa222/dex-partial/CHIME/src/DirectoryConnection.cpp:1:
/home/apa222/dex-partial/CHIME/include/Rdma.h:82:21: error: ‘ibv_exp_dct’ was not declared in this scope
   82 | bool createDCTarget(ibv_exp_dct **dct, ibv_cq *cq, RdmaContext *context,
      |                     ^~~~~~~~~~~
/home/apa222/dex-partial/CHIME/include/Rdma.h:82:35: error: ‘dct’ was not declared in this scope
   82 | bool createDCTarget(ibv_exp_dct **dct, ibv_cq *cq, RdmaContext *context,
      |                                   ^~~
/home/apa222/dex-partial/CHIME/include/Rdma.h:82:47: error: expected primary-expression before ‘*’ token
   82 | bool createDCTarget(ibv_exp_dct **dct, ibv_cq *cq, RdmaContext *context,
      |                                               ^
/home/apa222/dex-partial/CHIME/include/Rdma.h:82:48: error: ‘cq’ was not declared in this scope
   82 | bool createDCTarget(ibv_exp_dct **dct, ibv_cq *cq, RdmaContext *context,
      |                                                ^~
/home/apa222/dex-partial/CHIME/include/Rdma.h:82:64: error: expected primary-expression before ‘*’ token
   82 | bool createDCTarget(ibv_exp_dct **dct, ibv_cq *cq, RdmaContext *context,
      |                                                                ^
/home/apa222/dex-partial/CHIME/include/Rdma.h:82:65: error: ‘context’ was not declared in this scope
   82 | bool createDCTarget(ibv_exp_dct **dct, ibv_cq *cq, RdmaContext *context,
      |                                                                 ^~~~~~~
/home/apa222/dex-partial/CHIME/include/Rdma.h:83:30: error: expected primary-expression before ‘qpsMaxDepth’
   83 |                     uint32_t qpsMaxDepth = kQPMaxDepth, uint32_t maxInlineData = kInlineDataMax);
      |                              ^~~~~~~~~~~
/home/apa222/dex-partial/CHIME/include/Rdma.h:83:66: error: expected primary-expression before ‘maxInlineData’
   83 |                     uint32_t qpsMaxDepth = kQPMaxDepth, uint32_t maxInlineData = kInlineDataMax);
      |                                                                  ^~~~~~~~~~~~~
/home/apa222/dex-partial/CHIME/include/Rdma.h:83:96: error: expression list treated as compound expression in initializer [-fpermissive]
   83 |                     uint32_t qpsMaxDepth = kQPMaxDepth, uint32_t maxInlineData = kInlineDataMax);
      |                                                                                                ^
In file included from /home/apa222/dex-partial/CHIME/include/Common.h:16,
                 from /home/apa222/dex-partial/CHIME/include/ThreadConnection.h:4,
                 from /home/apa222/dex-partial/CHIME/src/ThreadConnection.cpp:1:
/home/apa222/dex-partial/CHIME/include/Rdma.h:82:21: error: ‘ibv_exp_dct’ was not declared in this scope
   82 | bool createDCTarget(ibv_exp_dct **dct, ibv_cq *cq, RdmaContext *context,
      |                     ^~~~~~~~~~~
/home/apa222/dex-partial/CHIME/include/Rdma.h:82:35: error: ‘dct’ was not declared in this scope
   82 | bool createDCTarget(ibv_exp_dct **dct, ibv_cq *cq, RdmaContext *context,
      |                                   ^~~
/home/apa222/dex-partial/CHIME/include/Rdma.h:82:47: error: expected primary-expression before ‘*’ token
   82 | bool createDCTarget(ibv_exp_dct **dct, ibv_cq *cq, RdmaContext *context,
      |                                               ^
/home/apa222/dex-partial/CHIME/include/Rdma.h:82:48: error: ‘cq’ was not declared in this scope
   82 | bool createDCTarget(ibv_exp_dct **dct, ibv_cq *cq, RdmaContext *context,
      |                                                ^~
/home/apa222/dex-partial/CHIME/include/Rdma.h:82:64: error: expected primary-expression before ‘*’ token
   82 | bool createDCTarget(ibv_exp_dct **dct, ibv_cq *cq, RdmaContext *context,
      |                                                                ^
In file included from /home/apa222/dex-partial/CHIME/include/Common.h:16,
                 from /home/apa222/dex-partial/CHIME/include/AbstractMessageConnection.h:4,
                 from /home/apa222/dex-partial/CHIME/src/AbstractMessageConnection.cpp:1:
/home/apa222/dex-partial/CHIME/include/Rdma.h:82:21: error: ‘ibv_exp_dct’ was not declared in this scope
   82 | bool createDCTarget(ibv_exp_dct **dct, ibv_cq *cq, RdmaContext *context,
      |                     ^~~~~~~~~~~
In file included from /home/apa222/dex-partial/CHIME/include/Common.h:16,
                 from /home/apa222/dex-partial/CHIME/include/Config.h:4,
                 from /home/apa222/dex-partial/CHIME/include/RdmaCache.h:4,
                 from /home/apa222/dex-partial/CHIME/include/DSM.h:6,
                 from /home/apa222/dex-partial/CHIME/src/DSM.cpp:2:
/home/apa222/dex-partial/CHIME/include/Rdma.h:82:21: error: ‘ibv_exp_dct’ was not declared in this scope
   82 | bool createDCTarget(ibv_exp_dct **dct, ibv_cq *cq, RdmaContext *context,
      |                     ^~~~~~~~~~~
/home/apa222/dex-partial/CHIME/include/Rdma.h:82:35: error: ‘dct’ was not declared in this scope
   82 | bool createDCTarget(ibv_exp_dct **dct, ibv_cq *cq, RdmaContext *context,
      |                                   ^~~
/home/apa222/dex-partial/CHIME/include/Rdma.h:82:47: error: expected primary-expression before ‘*’ token
   82 | bool createDCTarget(ibv_exp_dct **dct, ibv_cq *cq, RdmaContext *context,
      |                                               ^
/home/apa222/dex-partial/CHIME/include/Rdma.h:82:65: error: ‘context’ was not declared in this scope
   82 | bool createDCTarget(ibv_exp_dct **dct, ibv_cq *cq, RdmaContext *context,
      |                                                                 ^~~~~~~
/home/apa222/dex-partial/CHIME/include/Rdma.h:83:30: error: expected primary-expression before ‘qpsMaxDepth’
   83 |                     uint32_t qpsMaxDepth = kQPMaxDepth, uint32_t maxInlineData = kInlineDataMax);
      |                              ^~~~~~~~~~~
/home/apa222/dex-partial/CHIME/include/Rdma.h:83:66: error: expected primary-expression before ‘maxInlineData’
   83 |                     uint32_t qpsMaxDepth = kQPMaxDepth, uint32_t maxInlineData = kInlineDataMax);
      |                                                                  ^~~~~~~~~~~~~
/home/apa222/dex-partial/CHIME/include/Rdma.h:83:96: error: expression list treated as compound expression in initializer [-fpermissive]
   83 |                     uint32_t qpsMaxDepth = kQPMaxDepth, uint32_t maxInlineData = kInlineDataMax);
      |                                                                                                ^
/home/apa222/dex-partial/CHIME/include/Rdma.h:82:35: error: ‘dct’ was not declared in this scope
   82 | bool createDCTarget(ibv_exp_dct **dct, ibv_cq *cq, RdmaContext *context,
      |                                   ^~~
/home/apa222/dex-partial/CHIME/include/Rdma.h:82:47: error: expected primary-expression before ‘*’ token
   82 | bool createDCTarget(ibv_exp_dct **dct, ibv_cq *cq, RdmaContext *context,
      |                                               ^
/home/apa222/dex-partial/CHIME/include/Rdma.h:82:48: error: ‘cq’ was not declared in this scope
   82 | bool createDCTarget(ibv_exp_dct **dct, ibv_cq *cq, RdmaContext *context,
      |                                                ^~
/home/apa222/dex-partial/CHIME/include/Rdma.h:82:64: error: expected primary-expression before ‘*’ token
   82 | bool createDCTarget(ibv_exp_dct **dct, ibv_cq *cq, RdmaContext *context,
      |                                                                ^
/home/apa222/dex-partial/CHIME/include/Rdma.h:82:48: error: ‘cq’ was not declared in this scope
   82 | bool createDCTarget(ibv_exp_dct **dct, ibv_cq *cq, RdmaContext *context,
      |                                                ^~
/home/apa222/dex-partial/CHIME/include/Rdma.h:82:64: error: expected primary-expression before ‘*’ token
   82 | bool createDCTarget(ibv_exp_dct **dct, ibv_cq *cq, RdmaContext *context,
      |                                                                ^
/home/apa222/dex-partial/CHIME/include/Rdma.h:82:65: error: ‘context’ was not declared in this scope
   82 | bool createDCTarget(ibv_exp_dct **dct, ibv_cq *cq, RdmaContext *context,
      |                                                                 ^~~~~~~
/home/apa222/dex-partial/CHIME/include/Rdma.h:83:30: error: expected primary-expression before ‘qpsMaxDepth’
   83 |                     uint32_t qpsMaxDepth = kQPMaxDepth, uint32_t maxInlineData = kInlineDataMax);
      |                              ^~~~~~~~~~~
/home/apa222/dex-partial/CHIME/include/Rdma.h:83:66: error: expected primary-expression before ‘maxInlineData’
   83 |                     uint32_t qpsMaxDepth = kQPMaxDepth, uint32_t maxInlineData = kInlineDataMax);
      |                                                                  ^~~~~~~~~~~~~
/home/apa222/dex-partial/CHIME/include/Rdma.h:83:96: error: expression list treated as compound expression in initializer [-fpermissive]
   83 |                     uint32_t qpsMaxDepth = kQPMaxDepth, uint32_t maxInlineData = kInlineDataMax);
      |                                                                                                ^
/home/apa222/dex-partial/CHIME/include/Rdma.h:82:65: error: ‘context’ was not declared in this scope
   82 | bool createDCTarget(ibv_exp_dct **dct, ibv_cq *cq, RdmaContext *context,
      |                                                                 ^~~~~~~
/home/apa222/dex-partial/CHIME/include/Rdma.h:83:30: error: expected primary-expression before ‘qpsMaxDepth’
   83 |                     uint32_t qpsMaxDepth = kQPMaxDepth, uint32_t maxInlineData = kInlineDataMax);
      |                              ^~~~~~~~~~~
/home/apa222/dex-partial/CHIME/include/Rdma.h:83:66: error: expected primary-expression before ‘maxInlineData’
   83 |                     uint32_t qpsMaxDepth = kQPMaxDepth, uint32_t maxInlineData = kInlineDataMax);
      |                                                                  ^~~~~~~~~~~~~
/home/apa222/dex-partial/CHIME/include/Rdma.h:83:96: error: expression list treated as compound expression in initializer [-fpermissive]
   83 |                     uint32_t qpsMaxDepth = kQPMaxDepth, uint32_t maxInlineData = kInlineDataMax);
      |                                                                                                ^
In file included from /home/apa222/dex-partial/CHIME/include/Common.h:16,
                 from /home/apa222/dex-partial/CHIME/src/Common.cpp:1:
/home/apa222/dex-partial/CHIME/include/Rdma.h:82:21: error: ‘ibv_exp_dct’ was not declared in this scope
   82 | bool createDCTarget(ibv_exp_dct **dct, ibv_cq *cq, RdmaContext *context,
      |                     ^~~~~~~~~~~
/home/apa222/dex-partial/CHIME/include/Rdma.h:82:35: error: ‘dct’ was not declared in this scope
   82 | bool createDCTarget(ibv_exp_dct **dct, ibv_cq *cq, RdmaContext *context,
      |                                   ^~~
/home/apa222/dex-partial/CHIME/include/Rdma.h:82:47: error: expected primary-expression before ‘*’ token
   82 | bool createDCTarget(ibv_exp_dct **dct, ibv_cq *cq, RdmaContext *context,
      |                                               ^
/home/apa222/dex-partial/CHIME/include/Rdma.h:82:48: error: ‘cq’ was not declared in this scope
   82 | bool createDCTarget(ibv_exp_dct **dct, ibv_cq *cq, RdmaContext *context,
      |                                                ^~
/home/apa222/dex-partial/CHIME/include/Rdma.h:82:64: error: expected primary-expression before ‘*’ token
   82 | bool createDCTarget(ibv_exp_dct **dct, ibv_cq *cq, RdmaContext *context,
      |                                                                ^
/home/apa222/dex-partial/CHIME/include/Rdma.h:82:65: error: ‘context’ was not declared in this scope
   82 | bool createDCTarget(ibv_exp_dct **dct, ibv_cq *cq, RdmaContext *context,
      |                                                                 ^~~~~~~
/home/apa222/dex-partial/CHIME/include/Rdma.h:83:30: error: expected primary-expression before ‘qpsMaxDepth’
   83 |                     uint32_t qpsMaxDepth = kQPMaxDepth, uint32_t maxInlineData = kInlineDataMax);
      |                              ^~~~~~~~~~~
/home/apa222/dex-partial/CHIME/include/Rdma.h:83:66: error: expected primary-expression before ‘maxInlineData’
   83 |                     uint32_t qpsMaxDepth = kQPMaxDepth, uint32_t maxInlineData = kInlineDataMax);
      |                                                                  ^~~~~~~~~~~~~
/home/apa222/dex-partial/CHIME/include/Rdma.h:83:96: error: expression list treated as compound expression in initializer [-fpermissive]
   83 |                     uint32_t qpsMaxDepth = kQPMaxDepth, uint32_t maxInlineData = kInlineDataMax);
      |                                                                                                ^
In file included from /home/apa222/dex-partial/CHIME/include/Common.h:16,
                 from /home/apa222/dex-partial/CHIME/include/TreeCacheEntry.h:4,
                 from /home/apa222/dex-partial/CHIME/include/TreeCache.h:4,
                 from /home/apa222/dex-partial/CHIME/include/Tree.h:4,
                 from /home/apa222/dex-partial/CHIME/src/Tree.cpp:1:
/home/apa222/dex-partial/CHIME/include/Rdma.h:82:21: error: ‘ibv_exp_dct’ was not declared in this scope
   82 | bool createDCTarget(ibv_exp_dct **dct, ibv_cq *cq, RdmaContext *context,
      |                     ^~~~~~~~~~~
In file included from /home/apa222/dex-partial/CHIME/include/Common.h:16,
                 from /home/apa222/dex-partial/CHIME/include/Directory.h:8,
                 from /home/apa222/dex-partial/CHIME/src/Directory.cpp:1:
/home/apa222/dex-partial/CHIME/include/Rdma.h:82:21: error: ‘ibv_exp_dct’ was not declared in this scope
   82 | bool createDCTarget(ibv_exp_dct **dct, ibv_cq *cq, RdmaContext *context,
      |                     ^~~~~~~~~~~
/home/apa222/dex-partial/CHIME/include/Rdma.h:82:35: error: ‘dct’ was not declared in this scope
   82 | bool createDCTarget(ibv_exp_dct **dct, ibv_cq *cq, RdmaContext *context,
      |                                   ^~~
/home/apa222/dex-partial/CHIME/include/Rdma.h:82:47: error: expected primary-expression before ‘*’ token
   82 | bool createDCTarget(ibv_exp_dct **dct, ibv_cq *cq, RdmaContext *context,
      |                                               ^
/home/apa222/dex-partial/CHIME/include/Rdma.h:82:35: error: ‘dct’ was not declared in this scope
   82 | bool createDCTarget(ibv_exp_dct **dct, ibv_cq *cq, RdmaContext *context,
      |                                   ^~~
/home/apa222/dex-partial/CHIME/include/Rdma.h:82:47: error: expected primary-expression before ‘*’ token
   82 | bool createDCTarget(ibv_exp_dct **dct, ibv_cq *cq, RdmaContext *context,
      |                                               ^
/home/apa222/dex-partial/CHIME/include/Rdma.h:82:48: error: ‘cq’ was not declared in this scope
   82 | bool createDCTarget(ibv_exp_dct **dct, ibv_cq *cq, RdmaContext *context,
      |                                                ^~
/home/apa222/dex-partial/CHIME/include/Rdma.h:82:64: error: expected primary-expression before ‘*’ token
   82 | bool createDCTarget(ibv_exp_dct **dct, ibv_cq *cq, RdmaContext *context,
      |                                                                ^
/home/apa222/dex-partial/CHIME/include/Rdma.h:82:48: error: ‘cq’ was not declared in this scope
   82 | bool createDCTarget(ibv_exp_dct **dct, ibv_cq *cq, RdmaContext *context,
      |                                                ^~
/home/apa222/dex-partial/CHIME/include/Rdma.h:82:64: error: expected primary-expression before ‘*’ token
   82 | bool createDCTarget(ibv_exp_dct **dct, ibv_cq *cq, RdmaContext *context,
      |                                                                ^
/home/apa222/dex-partial/CHIME/include/Rdma.h:82:65: error: ‘context’ was not declared in this scope
   82 | bool createDCTarget(ibv_exp_dct **dct, ibv_cq *cq, RdmaContext *context,
      |                                                                 ^~~~~~~
/home/apa222/dex-partial/CHIME/include/Rdma.h:83:30: error: expected primary-expression before ‘qpsMaxDepth’
   83 |                     uint32_t qpsMaxDepth = kQPMaxDepth, uint32_t maxInlineData = kInlineDataMax);
      |                              ^~~~~~~~~~~
/home/apa222/dex-partial/CHIME/include/Rdma.h:83:66: error: expected primary-expression before ‘maxInlineData’
   83 |                     uint32_t qpsMaxDepth = kQPMaxDepth, uint32_t maxInlineData = kInlineDataMax);
      |                                                                  ^~~~~~~~~~~~~
/home/apa222/dex-partial/CHIME/include/Rdma.h:83:96: error: expression list treated as compound expression in initializer [-fpermissive]
   83 |                     uint32_t qpsMaxDepth = kQPMaxDepth, uint32_t maxInlineData = kInlineDataMax);
      |                                                                                                ^
/home/apa222/dex-partial/CHIME/include/Rdma.h:82:65: error: ‘context’ was not declared in this scope
   82 | bool createDCTarget(ibv_exp_dct **dct, ibv_cq *cq, RdmaContext *context,
      |                                                                 ^~~~~~~
/home/apa222/dex-partial/CHIME/include/Rdma.h:83:30: error: expected primary-expression before ‘qpsMaxDepth’
   83 |                     uint32_t qpsMaxDepth = kQPMaxDepth, uint32_t maxInlineData = kInlineDataMax);
      |                              ^~~~~~~~~~~
/home/apa222/dex-partial/CHIME/include/Rdma.h:83:66: error: expected primary-expression before ‘maxInlineData’
   83 |                     uint32_t qpsMaxDepth = kQPMaxDepth, uint32_t maxInlineData = kInlineDataMax);
      |                                                                  ^~~~~~~~~~~~~
/home/apa222/dex-partial/CHIME/include/Rdma.h:83:96: error: expression list treated as compound expression in initializer [-fpermissive]
   83 |                     uint32_t qpsMaxDepth = kQPMaxDepth, uint32_t maxInlineData = kInlineDataMax);
      |                                                                                                ^
In file included from /home/apa222/dex-partial/CHIME/include/Common.h:16,
                 from /home/apa222/dex-partial/CHIME/include/Config.h:4,
                 from /home/apa222/dex-partial/CHIME/include/Keeper.h:17,
                 from /home/apa222/dex-partial/CHIME/include/DSMKeeper.h:6,
                 from /home/apa222/dex-partial/CHIME/src/DSMKeeper.cpp:1:
/home/apa222/dex-partial/CHIME/include/Rdma.h:82:21: error: ‘ibv_exp_dct’ was not declared in this scope
   82 | bool createDCTarget(ibv_exp_dct **dct, ibv_cq *cq, RdmaContext *context,
      |                     ^~~~~~~~~~~
/home/apa222/dex-partial/CHIME/include/Rdma.h:82:35: error: ‘dct’ was not declared in this scope
   82 | bool createDCTarget(ibv_exp_dct **dct, ibv_cq *cq, RdmaContext *context,
      |                                   ^~~
/home/apa222/dex-partial/CHIME/include/Rdma.h:82:47: error: expected primary-expression before ‘*’ token
   82 | bool createDCTarget(ibv_exp_dct **dct, ibv_cq *cq, RdmaContext *context,
      |                                               ^
/home/apa222/dex-partial/CHIME/include/Rdma.h:82:48: error: ‘cq’ was not declared in this scope
   82 | bool createDCTarget(ibv_exp_dct **dct, ibv_cq *cq, RdmaContext *context,
      |                                                ^~
/home/apa222/dex-partial/CHIME/include/Rdma.h:82:64: error: expected primary-expression before ‘*’ token
   82 | bool createDCTarget(ibv_exp_dct **dct, ibv_cq *cq, RdmaContext *context,
      |                                                                ^
/home/apa222/dex-partial/CHIME/include/Rdma.h:82:65: error: ‘context’ was not declared in this scope; did you mean ‘connect’?
   82 | bool createDCTarget(ibv_exp_dct **dct, ibv_cq *cq, RdmaContext *context,
      |                                                                 ^~~~~~~
      |                                                                 connect
/home/apa222/dex-partial/CHIME/include/Rdma.h:83:30: error: expected primary-expression before ‘qpsMaxDepth’
   83 |                     uint32_t qpsMaxDepth = kQPMaxDepth, uint32_t maxInlineData = kInlineDataMax);
      |                              ^~~~~~~~~~~
/home/apa222/dex-partial/CHIME/include/Rdma.h:83:66: error: expected primary-expression before ‘maxInlineData’
   83 |                     uint32_t qpsMaxDepth = kQPMaxDepth, uint32_t maxInlineData = kInlineDataMax);
      |                                                                  ^~~~~~~~~~~~~
/home/apa222/dex-partial/CHIME/include/Rdma.h:83:96: error: expression list treated as compound expression in initializer [-fpermissive]
   83 |                     uint32_t qpsMaxDepth = kQPMaxDepth, uint32_t maxInlineData = kInlineDataMax);
      |                                                                                                ^
In file included from /home/apa222/dex-partial/CHIME/include/Common.h:16,
                 from /home/apa222/dex-partial/CHIME/include/Config.h:4,
                 from /home/apa222/dex-partial/CHIME/include/Keeper.h:17,
                 from /home/apa222/dex-partial/CHIME/src/Keeper.cpp:1:
/home/apa222/dex-partial/CHIME/include/Rdma.h:82:21: error: ‘ibv_exp_dct’ was not declared in this scope
   82 | bool createDCTarget(ibv_exp_dct **dct, ibv_cq *cq, RdmaContext *context,
      |                     ^~~~~~~~~~~
/home/apa222/dex-partial/CHIME/include/Rdma.h:82:35: error: ‘dct’ was not declared in this scope
   82 | bool createDCTarget(ibv_exp_dct **dct, ibv_cq *cq, RdmaContext *context,
      |                                   ^~~
/home/apa222/dex-partial/CHIME/include/Rdma.h:82:47: error: expected primary-expression before ‘*’ token
   82 | bool createDCTarget(ibv_exp_dct **dct, ibv_cq *cq, RdmaContext *context,
      |                                               ^
/home/apa222/dex-partial/CHIME/include/Rdma.h:82:48: error: ‘cq’ was not declared in this scope
   82 | bool createDCTarget(ibv_exp_dct **dct, ibv_cq *cq, RdmaContext *context,
      |                                                ^~
/home/apa222/dex-partial/CHIME/include/Rdma.h:82:64: error: expected primary-expression before ‘*’ token
   82 | bool createDCTarget(ibv_exp_dct **dct, ibv_cq *cq, RdmaContext *context,
      |                                                                ^
/home/apa222/dex-partial/CHIME/include/Rdma.h:82:65: error: ‘context’ was not declared in this scope; did you mean ‘connect’?
   82 | bool createDCTarget(ibv_exp_dct **dct, ibv_cq *cq, RdmaContext *context,
      |                                                                 ^~~~~~~
      |                                                                 connect
/home/apa222/dex-partial/CHIME/include/Rdma.h:83:30: error: expected primary-expression before ‘qpsMaxDepth’
   83 |                     uint32_t qpsMaxDepth = kQPMaxDepth, uint32_t maxInlineData = kInlineDataMax);
      |                              ^~~~~~~~~~~
/home/apa222/dex-partial/CHIME/include/Rdma.h:83:66: error: expected primary-expression before ‘maxInlineData’
   83 |                     uint32_t qpsMaxDepth = kQPMaxDepth, uint32_t maxInlineData = kInlineDataMax);
      |                                                                  ^~~~~~~~~~~~~
/home/apa222/dex-partial/CHIME/include/Rdma.h:83:96: error: expression list treated as compound expression in initializer [-fpermissive]
   83 |                     uint32_t qpsMaxDepth = kQPMaxDepth, uint32_t maxInlineData = kInlineDataMax);
      |                                                                                                ^
/home/apa222/dex-partial/CHIME/include/DSM.h: In member function ‘void DSM::rpc_call_dir(const RawMessage&, uint16_t, uint16_t)’:
/home/apa222/dex-partial/CHIME/include/DSM.h:219:11: warning: ‘void* memcpy(void*, const void*, size_t)’ writing to an object of non-trivially copyable type ‘struct RawMessage’; use copy-assignment or copy-initialization instead [-Wclass-memaccess]
  219 |     memcpy(buffer, &m, sizeof(RawMessage));
      |     ~~~~~~^~~~~~~~~~~~~~~~~~~~~~~~~~~~~~~~
In file included from /home/apa222/dex-partial/CHIME/include/Connection.h:5,
                 from /home/apa222/dex-partial/CHIME/include/DSM.h:8:
/home/apa222/dex-partial/CHIME/include/RawMessageConnection.h:16:8: note: ‘struct RawMessage’ declared here
   16 | struct RawMessage {
      |        ^~~~~~~~~~
make[3]: *** [CMakeFiles/CHIME.dir/build.make:202: CMakeFiles/CHIME.dir/src/RdmaCache.cpp.o] Error 1
make[3]: *** [CMakeFiles/CHIME.dir/build.make:76: CMakeFiles/CHIME.dir/src/AbstractMessageConnection.cpp.o] Error 1
make[3]: *** [CMakeFiles/CHIME.dir/build.make:188: CMakeFiles/CHIME.dir/src/RawMessageConnection.cpp.o] Error 1
make[3]: *** [CMakeFiles/CHIME.dir/build.make:160: CMakeFiles/CHIME.dir/src/DirectoryConnection.cpp.o] Error 1
make[3]: *** [CMakeFiles/CHIME.dir/build.make:216: CMakeFiles/CHIME.dir/src/ThreadConnection.cpp.o] Error 1
make[3]: *** [CMakeFiles/CHIME.dir/build.make:146: CMakeFiles/CHIME.dir/src/Directory.cpp.o] Error 1
make[3]: *** [CMakeFiles/CHIME.dir/build.make:118: CMakeFiles/CHIME.dir/src/DSMKeeper.cpp.o] Error 1
make[3]: *** [CMakeFiles/CHIME.dir/build.make:90: CMakeFiles/CHIME.dir/src/Common.cpp.o] Error 1
In file included from /home/apa222/dex-partial/CHIME/include/TreeCache.h:8:
/home/apa222/dex-partial/CHIME/include/DSM.h: In member function ‘void DSM::rpc_call_dir(const RawMessage&, uint16_t, uint16_t)’:
/home/apa222/dex-partial/CHIME/include/DSM.h:219:11: warning: ‘void* memcpy(void*, const void*, size_t)’ writing to an object of non-trivially copyable type ‘struct RawMessage’; use copy-assignment or copy-initialization instead [-Wclass-memaccess]
  219 |     memcpy(buffer, &m, sizeof(RawMessage));
      |     ~~~~~~^~~~~~~~~~~~~~~~~~~~~~~~~~~~~~~~
In file included from /home/apa222/dex-partial/CHIME/include/Connection.h:5,
                 from /home/apa222/dex-partial/CHIME/include/DSM.h:8:
/home/apa222/dex-partial/CHIME/include/RawMessageConnection.h:16:8: note: ‘struct RawMessage’ declared here
   16 | struct RawMessage {
      |        ^~~~~~~~~~
make[3]: *** [CMakeFiles/CHIME.dir/build.make:174: CMakeFiles/CHIME.dir/src/Keeper.cpp.o] Error 1
make[3]: *** [CMakeFiles/CHIME.dir/build.make:104: CMakeFiles/CHIME.dir/src/DSM.cpp.o] Error 1
/home/apa222/dex-partial/CHIME/include/TreeCache.h: In member function ‘bool TreeCache::add_to_cache(InternalNode*)’:
/home/apa222/dex-partial/CHIME/include/TreeCache.h:119:9: warning: ‘void* memcpy(void*, const void*, size_t)’ writing to an object of non-trivially copyable type ‘class InternalNode’; use copy-assignment or copy-initialization instead [-Wclass-memaccess]
  119 |   memcpy(new_page, page, sizeof(InternalNode));
      |   ~~~~~~^~~~~~~~~~~~~~~~~~~~~~~~~~~~~~~~~~~~~~
In file included from /home/apa222/dex-partial/CHIME/include/TreeCacheEntry.h:5:
/home/apa222/dex-partial/CHIME/include/InternalNode.h:50:7: note: ‘class InternalNode’ declared here
   50 | class InternalNode {  // must be cacheline-align
      |       ^~~~~~~~~~~~
make[3]: *** [CMakeFiles/CHIME.dir/build.make:230: CMakeFiles/CHIME.dir/src/Tree.cpp.o] Error 1
make[2]: *** [CMakeFiles/Makefile2:101: CMakeFiles/CHIME.dir/all] Error 2
make[1]: *** [CMakeFiles/Makefile2:212: CMakeFiles/latency_bench.dir/rule] Error 2
make: *** [Makefile:176: latency_bench] Error 2
